C:\ST\STM32CubeIDE_1.18.1\STM32CubeIDE\plugins\com.st.stm32cube.ide.mcu.externaltools.gnu-tools-for-stm32.13.3.rel1.win32_1.0.0.202411081344\tools\bin/../lib/gcc/arm-none-eabi/13.3.1/../../../../arm-none-eabi/include/c++/13.3.1/bits/stl_heap.h:224:5:void std::__adjust_heap(_RandomAccessIterator, _Distance, _Distance, _Tp, _Compare) [with _RandomAccessIterator = int*; _Distance = int; _Tp = int; _Compare = __gnu_cxx::__ops::_Iter_comp_iter<tflite::{anonymous}::DecreasingPartialArgSort(const float*, int, int, int*)::<lambda(int, int)> >]	56	static
../TFLM/tensorflow/lite/micro/kernels/detection_postprocess.cc:322:6:void tflite::{anonymous}::DecreasingPartialArgSort(const float*, int, int, int*)	64	static
../TFLM/tensorflow/lite/micro/kernels/detection_postprocess.cc:153:14:TfLiteStatus tflite::{anonymous}::DetectionPostProcessPrepare(TfLiteContext*, TfLiteNode*)	72	static
C:/joon/baremetal_team3-flower102/baremetal_team3-flower102/EX_2-2-01_TFLM_Hello_World/TFLM/third_party/flatbuffers/include/flatbuffers/flexbuffers.h:871:26:int flexbuffers::KeyCompare(const void*, const void*) [with T = long unsigned int]	0	static
C:/joon/baremetal_team3-flower102/baremetal_team3-flower102/EX_2-2-01_TFLM_Hello_World/TFLM/third_party/flatbuffers/include/flatbuffers/flexbuffers.h:871:26:int flexbuffers::KeyCompare(const void*, const void*) [with T = long long unsigned int]	0	static
C:/joon/baremetal_team3-flower102/baremetal_team3-flower102/EX_2-2-01_TFLM_Hello_World/TFLM/third_party/flatbuffers/include/flatbuffers/flexbuffers.h:871:26:int flexbuffers::KeyCompare(const void*, const void*) [with T = unsigned char]	0	static
C:/joon/baremetal_team3-flower102/baremetal_team3-flower102/EX_2-2-01_TFLM_Hello_World/TFLM/third_party/flatbuffers/include/flatbuffers/flexbuffers.h:871:26:int flexbuffers::KeyCompare(const void*, const void*) [with T = short unsigned int]	0	static
../TFLM/tensorflow/lite/micro/kernels/detection_postprocess.cc:356:6:void tflite::{anonymous}::MergeSort(int*, int*, int, Compare) [with Compare = DecreasingArgSort(const float*, int, int*, int*)::<lambda(int, int)>]	56	static
../TFLM/tensorflow/lite/micro/kernels/detection_postprocess.cc:430:14:constprop(TfLiteContext*, TfLiteNode*, OpData*, const float*, int*, int*, int)	80	static
../TFLM/tensorflow/lite/micro/kernels/detection_postprocess.cc:779:14:TfLiteStatus tflite::{anonymous}::DetectionPostProcessEval(TfLiteContext*, TfLiteNode*)	192	static
C:/joon/baremetal_team3-flower102/baremetal_team3-flower102/EX_2-2-01_TFLM_Hello_World/TFLM/third_party/flatbuffers/include/flatbuffers/flexbuffers.h:425:11:int64_t flexbuffers::Reference::AsInt64() const	32	static
C:/joon/baremetal_team3-flower102/baremetal_team3-flower102/EX_2-2-01_TFLM_Hello_World/TFLM/third_party/flatbuffers/include/flatbuffers/flexbuffers.h:454:12:uint64_t flexbuffers::Reference::AsUInt64() const	32	static
../TFLM/tensorflow/lite/micro/kernels/detection_postprocess.cc:120:7:void* tflite::{anonymous}::DetectionPostProcessInit(TfLiteContext*, const char*, size_t)	64	static
../TFLM/tensorflow/lite/micro/kernels/detection_postprocess.cc:805:19:TFLMRegistration* tflite::Register_DETECTION_POSTPROCESS()	24	static
