../TFLM/tensorflow/lite/micro/kernels/floor_div.cc:60:7:void* tflite::{anonymous}::FloorDivInit(TfLiteContext*, const char*, size_t)	0	static
../TFLM/tensorflow/lite/micro/kernels/floor_div.cc:64:14:TfLiteStatus tflite::{anonymous}::FloorDivPrepare(TfLiteContext*, TfLiteNode*)	40	static
../TFLM/tensorflow/lite/micro/kernels/floor_div.cc:126:18:TFLMRegistration tflite::Register_FLOOR_DIV()	16	static
C:/joon/baremetal_team3-flower102/baremetal_team3-flower102/EX_2-2-01_TFLM_Hello_World/TFLM/tensorflow/lite/kernels/internal/common.h:1083:22:void tflite::CopyDimsToDesc(const RuntimeShape&, NdArrayDesc<N>*) [with int N = 4]	8	static
../TFLM/tensorflow/lite/micro/kernels/floor_div.cc:104:14:TfLiteStatus tflite::{anonymous}::FloorDivEval(TfLiteContext*, TfLiteNode*)	440	static
