C:/joon/baremetal_team3-flower102/baremetal_team3-flower102/EX_2-2-01_TFLM_Hello_World/TFLM/tensorflow/lite/micro/micro_context.h:183:14:void* tflite::MicroContextAllocatePersistentBuffer(TfLiteContext*, size_t)	0	static
C:/joon/baremetal_team3-flower102/baremetal_team3-flower102/EX_2-2-01_TFLM_Hello_World/TFLM/tensorflow/lite/micro/micro_context.h:187:21:TfLiteStatus tflite::MicroContextRequestScratchBufferInArena(TfLiteContext*, size_t, int*)	0	static
C:/joon/baremetal_team3-flower102/baremetal_team3-flower102/EX_2-2-01_TFLM_Hello_World/TFLM/tensorflow/lite/micro/micro_context.h:192:14:void* tflite::MicroContextGetScratchBuffer(TfLiteContext*, int)	0	static
C:/joon/baremetal_team3-flower102/baremetal_team3-flower102/EX_2-2-01_TFLM_Hello_World/TFLM/tensorflow/lite/micro/micro_context.h:195:22:TfLiteTensor* tflite::MicroContextGetTensor(const TfLiteContext*, int)	0	static
C:/joon/baremetal_team3-flower102/baremetal_team3-flower102/EX_2-2-01_TFLM_Hello_World/TFLM/tensorflow/lite/micro/micro_context.h:199:26:TfLiteEvalTensor* tflite::MicroContextGetEvalTensor(const TfLiteContext*, int)	0	static
C:/joon/baremetal_team3-flower102/baremetal_team3-flower102/EX_2-2-01_TFLM_Hello_World/TFLM/tensorflow/lite/micro/micro_context.h:203:31:TfLiteExternalContext* tflite::MicroContextGetExternalContext(TfLiteContext*, TfLiteExternalContextType)	0	static
../TFLM/tensorflow/lite/micro/kernels/kernel_runner.cc:29:6:void tflite::micro::ClearBufferApi(TfLiteContext*)	0	static
../TFLM/tensorflow/lite/micro/kernels/kernel_runner.cc:36:1:tflite::micro::KernelRunner::KernelRunner(const TFLMRegistration&, TfLiteTensor*, int, TfLiteIntArray*, TfLiteIntArray*, const void*, TfLiteIntArray*)	16	static
../TFLM/tensorflow/lite/micro/kernels/kernel_runner.cc:74:6:bool tflite::micro::KernelRunner::ValidateTempBufferDeallocated()	0	static
../TFLM/tensorflow/lite/micro/kernels/kernel_runner.cc:78:14:TfLiteStatus tflite::micro::KernelRunner::InitAndPrepare(const char*, size_t)	24	static
../TFLM/tensorflow/lite/micro/kernels/kernel_runner.cc:102:14:TfLiteStatus tflite::micro::KernelRunner::Invoke()	24	static
../TFLM/tensorflow/lite/micro/kernels/kernel_runner.cc:118:14:TfLiteStatus tflite::micro::KernelRunner::Reset()	8	static
../TFLM/tensorflow/lite/micro/kernels/kernel_runner.cc:131:14:TfLiteStatus tflite::micro::KernelRunner::Free()	8	static
