../TFLM/tensorflow/lite/micro/kernels/prelu.cc:30:7:void* tflite::PreluInit(TfLiteContext*, const char*, size_t)	8	static
../TFLM/tensorflow/lite/micro/kernels/prelu.cc:71:18:TFLMRegistration tflite::Register_PRELU()	16	static
C:/joon/baremetal_team3-flower102/baremetal_team3-flower102/EX_2-2-01_TFLM_Hello_World/TFLM/tensorflow/lite/kernels/internal/common.h:1083:22:void tflite::CopyDimsToDesc(const RuntimeShape&, NdArrayDesc<N>*) [with int N = 4]	8	static
C:/joon/baremetal_team3-flower102/baremetal_team3-flower102/EX_2-2-01_TFLM_Hello_World/TFLM/tensorflow/lite/kernels/internal/reference/prelu.h:30:13:void tflite::reference_ops::BroadcastPrelu4DSlow(const tflite::PreluParams&, const tflite::RuntimeShape&, const T*, const tflite::RuntimeShape&, const T*, const tflite::RuntimeShape&, T*) [with T = signed char]	224	static
../TFLM/tensorflow/lite/micro/kernels/prelu.cc:35:14:TfLiteStatus tflite::PreluEval(TfLiteContext*, TfLiteNode*)	208	static
