C:/joon/baremetal_team3-flower102/baremetal_team3-flower102/EX_2-2-01_TFLM_Hello_World/TFLM/tensorflow/lite/kernels/internal/reference/integer_ops/add.h:28:13:void tflite::reference_integer_ops::CheckArithmeticParams(const tflite::ArithmeticParams&)	8	static
../TFLM/tensorflow/lite/micro/kernels/squared_difference.cc:41:7:void* tflite::{anonymous}::SquaredDifferenceInit(TfLiteContext*, const char*, size_t)	8	static
../TFLM/tensorflow/lite/micro/kernels/squared_difference.cc:157:3:T tflite::{anonymous}::SquaredDifference(T, T, const tflite::ArithmeticParams&) [with T = short int]	24	static
../TFLM/tensorflow/lite/micro/kernels/squared_difference.cc:157:3:T tflite::{anonymous}::SquaredDifference(T, T, const tflite::ArithmeticParams&) [with T = signed char]	24	static
C:/joon/baremetal_team3-flower102/baremetal_team3-flower102/EX_2-2-01_TFLM_Hello_World/TFLM/tensorflow/lite/kernels/internal/reference/integer_ops/add.h:75:13:void tflite::reference_integer_ops::BroadcastAddRecursiveDimensions(const tflite::ArithmeticParams&, int, size_t*, size_t*, size_t*, size_t*, size_t*, size_t*, const T*, const T*, T*, void (*)(const tflite::ArithmeticParams&), T (*)(T, T, const tflite::ArithmeticParams&)) [with T = short int]	152	static
C:/joon/baremetal_team3-flower102/baremetal_team3-flower102/EX_2-2-01_TFLM_Hello_World/TFLM/tensorflow/lite/kernels/internal/reference/integer_ops/add.h:75:13:void tflite::reference_integer_ops::BroadcastAddRecursiveDimensions(const tflite::ArithmeticParams&, int, size_t*, size_t*, size_t*, size_t*, size_t*, size_t*, const T*, const T*, T*, void (*)(const tflite::ArithmeticParams&), T (*)(T, T, const tflite::ArithmeticParams&)) [with T = signed char]	168	static
../TFLM/tensorflow/lite/micro/kernels/squared_difference.cc:85:14:TfLiteStatus tflite::{anonymous}::SquaredDifferencePrepare(TfLiteContext*, TfLiteNode*)	64	static
../TFLM/tensorflow/lite/micro/kernels/squared_difference.cc:265:18:TFLMRegistration tflite::Register_SQUARED_DIFFERENCE()	16	static
C:/joon/baremetal_team3-flower102/baremetal_team3-flower102/EX_2-2-01_TFLM_Hello_World/TFLM/tensorflow/lite/kernels/internal/common.h:47:6:bool tflite::ReduceDimensionsForBroadcast(const RuntimeShape&, const RuntimeShape&, size_t*, size_t*, size_t*) [with int MAX_DIM = 6]	112	static
C:/joon/baremetal_team3-flower102/baremetal_team3-flower102/EX_2-2-01_TFLM_Hello_World/TFLM/tensorflow/lite/kernels/internal/common.h:1083:22:void tflite::CopyDimsToDesc(const RuntimeShape&, NdArrayDesc<N>*) [with int N = 4]	8	static
../TFLM/tensorflow/lite/micro/kernels/squared_difference.cc:233:14:TfLiteStatus tflite::{anonymous}::SquaredDifferenceEval(TfLiteContext*, TfLiteNode*)	912	static
