../TFLM/tensorflow/lite/micro/kernels/broadcast_to.cc:76:14:TfLiteStatus tflite::{anonymous}::BroadcastToPrepare(TfLiteContext*, TfLiteNode*)	80	static
../TFLM/tensorflow/lite/micro/kernels/broadcast_to.cc:118:18:TFLMRegistration tflite::Register_BROADCAST_TO()	16	static
C:/Baremetal_ODAI_STM32H7/EX_2-2-05_TFLM_MNIST_CNN_QAT/TFLM/tensorflow/lite/kernels/internal/common.h:1083:22:void tflite::CopyDimsToDesc(const RuntimeShape&, NdArrayDesc<N>*) [with int N = 5]	8	static
C:/Baremetal_ODAI_STM32H7/EX_2-2-05_TFLM_MNIST_CNN_QAT/TFLM/tensorflow/lite/kernels/internal/reference/broadcast_to.h:24:6:void tflite::reference_ops::BroadcastImpl(const tflite::NdArrayDesc<N>&, const char*, const tflite::NdArrayDesc<N>&, char*, int*, int, int, int) [with int N = 5]	64	static
../TFLM/tensorflow/lite/micro/kernels/broadcast_to.cc:105:14:TfLiteStatus tflite::{anonymous}::BroadcastToEval(TfLiteContext*, TfLiteNode*)	288	static
