../TFLM/tensorflow/lite/micro/kernels/concatenation.cc:122:7:void* tflite::{anonymous}::ConcatenationInit(TfLiteContext*, const char*, size_t)	8	static
../TFLM/tensorflow/lite/micro/kernels/concatenation.cc:128:14:TfLiteStatus tflite::{anonymous}::ConcatenationPrepare(TfLiteContext*, TfLiteNode*)	80	static
../TFLM/tensorflow/lite/micro/kernels/concatenation.cc:101:6:void tflite::{anonymous}::EvalUnquantized(TfLiteContext*, TfLiteNode*) [with data_type = long long int]	488	static
../TFLM/tensorflow/lite/micro/kernels/concatenation.cc:101:6:void tflite::{anonymous}::EvalUnquantized(TfLiteContext*, TfLiteNode*) [with data_type = bool]	488	static
../TFLM/tensorflow/lite/micro/kernels/concatenation.cc:101:6:void tflite::{anonymous}::EvalUnquantized(TfLiteContext*, TfLiteNode*) [with data_type = signed char]	488	static
../TFLM/tensorflow/lite/micro/kernels/concatenation.cc:101:6:void tflite::{anonymous}::EvalUnquantized(TfLiteContext*, TfLiteNode*) [with data_type = float]	488	static
../TFLM/tensorflow/lite/micro/kernels/concatenation.cc:101:6:void tflite::{anonymous}::EvalUnquantized(TfLiteContext*, TfLiteNode*) [with data_type = long int]	488	static
../TFLM/tensorflow/lite/micro/kernels/concatenation.cc:101:6:void tflite::{anonymous}::EvalUnquantized(TfLiteContext*, TfLiteNode*) [with data_type = short int]	488	static
../TFLM/tensorflow/lite/micro/kernels/concatenation.cc:230:14:TfLiteStatus tflite::{anonymous}::ConcatenationEval(TfLiteContext*, TfLiteNode*)	24	static
../TFLM/tensorflow/lite/micro/kernels/concatenation.cc:267:18:TFLMRegistration tflite::Register_CONCATENATION()	16	static
