../TFLM/tensorflow/lite/micro/kernels/elu.cc:108:7:void* tflite::{anonymous}::EluInit(TfLiteContext*, const char*, size_t)	8	static
../TFLM/tensorflow/lite/micro/kernels/elu.cc:116:14:TfLiteStatus tflite::{anonymous}::EluPrepare(TfLiteContext*, TfLiteNode*)	80	static
../TFLM/tensorflow/lite/micro/kernels/elu.cc:120:14:TfLiteStatus tflite::{anonymous}::EluEval(TfLiteContext*, TfLiteNode*)	136	static
../TFLM/tensorflow/lite/micro/kernels/elu.cc:147:18:TFLMRegistration tflite::Register_ELU()	16	static
