../TFLM/tensorflow/lite/micro/kernels/floor_mod.cc:65:7:void* tflite::{anonymous}::FloorModInit(TfLiteContext*, const char*, size_t)	0	static
../TFLM/tensorflow/lite/micro/kernels/floor_mod.cc:69:14:TfLiteStatus tflite::{anonymous}::FloorModPrepare(TfLiteContext*, TfLiteNode*)	40	static
../TFLM/tensorflow/lite/micro/kernels/floor_mod.cc:124:18:TFLMRegistration tflite::Register_FLOOR_MOD()	16	static
C:/Baremetal_ODAI_STM32H7/EX_2-2-05_TFLM_MNIST_CNN_QAT/TFLM/tensorflow/lite/kernels/internal/common.h:1083:22:void tflite::CopyDimsToDesc(const RuntimeShape&, NdArrayDesc<N>*) [with int N = 4]	8	static
../TFLM/tensorflow/lite/micro/kernels/floor_mod.cc:99:14:TfLiteStatus tflite::{anonymous}::FloorModEval(TfLiteContext*, TfLiteNode*)	448	static
