../TFLM/tensorflow/lite/micro/kernels/logical_common.cc:59:6:bool tflite::LogicalOr(bool, bool)	0	static
../TFLM/tensorflow/lite/micro/kernels/logical_common.cc:61:6:bool tflite::LogicalAnd(bool, bool)	0	static
C:/Baremetal_ODAI_STM32H7/EX_2-2-05_TFLM_MNIST_CNN_QAT/TFLM/tensorflow/lite/kernels/internal/common.h:1083:22:void tflite::CopyDimsToDesc(const RuntimeShape&, NdArrayDesc<N>*) [with int N = 4]	8	static
../TFLM/tensorflow/lite/micro/kernels/logical_common.cc:29:14:TfLiteStatus tflite::LogicalImpl(TfLiteContext*, TfLiteNode*, bool (*)(bool, bool))	440	static
