../TFLM/tensorflow/lite/micro/kernels/reduce_common.cc:142:14:TfLiteStatus tflite::QuantizedMeanOrSum(TfLiteContext*, TfLiteNode*, int*, int*, int32_t*, OpDataReduce*, bool) [with T = signed char]	96	static
../TFLM/tensorflow/lite/micro/kernels/reduce_common.cc:142:14:TfLiteStatus tflite::QuantizedMeanOrSum(TfLiteContext*, TfLiteNode*, int*, int*, int32_t*, OpDataReduce*, bool) [with T = short int]	96	static
../TFLM/tensorflow/lite/micro/kernels/reduce_common.cc:34:14:TfLiteStatus tflite::PrepareSimple(TfLiteContext*, TfLiteNode*, int32_t*, int*)	56	static
../TFLM/tensorflow/lite/micro/kernels/reduce_common.cc:67:14:TfLiteStatus tflite::PrepareMaxHelper(TfLiteContext*, TfLiteNode*, OpDataReduce*)	64	static
../TFLM/tensorflow/lite/micro/kernels/reduce_common.cc:95:14:TfLiteStatus tflite::PrepareMeanOrSumHelper(TfLiteContext*, TfLiteNode*, OpDataReduce*)	72	static
../TFLM/tensorflow/lite/micro/kernels/reduce_common.cc:129:6:void tflite::ResolveAxis(const int*, int, MeanParams*)	4	static
../TFLM/tensorflow/lite/micro/kernels/reduce_common.cc:178:14:TfLiteStatus tflite::EvalMeanHelper(TfLiteContext*, TfLiteNode*, OpDataReduce*)	248	static
../TFLM/tensorflow/lite/micro/kernels/reduce_common.cc:239:14:TfLiteStatus tflite::EvalMaxHelper(TfLiteContext*, TfLiteNode*, OpDataReduce*)	96	static
../TFLM/tensorflow/lite/micro/kernels/reduce_common.cc:293:14:TfLiteStatus tflite::EvalSumHelper(TfLiteContext*, TfLiteNode*, OpDataReduce*)	104	static
