../TFLM/tensorflow/lite/micro/kernels/space_to_batch_nd.cc:42:7:void* tflite::{anonymous}::SpaceToBatchNDInit(TfLiteContext*, const char*, size_t)	8	static
../TFLM/tensorflow/lite/micro/kernels/space_to_batch_nd.cc:48:14:TfLiteStatus tflite::{anonymous}::SpaceToBatchNDPrepare(TfLiteContext*, TfLiteNode*)	40	static
../TFLM/tensorflow/lite/micro/kernels/space_to_batch_nd.cc:71:14:TfLiteStatus tflite::{anonymous}::SpaceToBatchNDEval(TfLiteContext*, TfLiteNode*)	480	static
../TFLM/tensorflow/lite/micro/kernels/space_to_batch_nd.cc:118:18:TFLMRegistration tflite::Register_SPACE_TO_BATCH_ND()	16	static
