../TFLM/tensorflow/lite/micro/kernels/sub.cc:34:7:void* tflite::SubInit(TfLiteContext*, const char*, size_t)	8	static
C:/Baremetal_ODAI_STM32H7/EX_2-2-05_TFLM_MNIST_CNN_QAT/TFLM/tensorflow/lite/kernels/internal/reference/sub.h:142:13:void tflite::reference_ops::BroadcastSubRecursiveDimensions(int, const tflite::ArithmeticParams&, const T*, const T*, T*, size_t*, size_t*, size_t*, size_t*, size_t*, size_t*, F) [with T = long int; F = BroadcastSubSlow<long int>(const tflite::ArithmeticParams&, const tflite::RuntimeShape&, const long int*, const tflite::RuntimeShape&, const long int*, const tflite::RuntimeShape&, long int*)::<lambda(long int, long int, const tflite::ArithmeticParams&)>]	144	static
C:/Baremetal_ODAI_STM32H7/EX_2-2-05_TFLM_MNIST_CNN_QAT/TFLM/tensorflow/lite/kernels/internal/reference/sub.h:142:13:void tflite::reference_ops::BroadcastSubRecursiveDimensions(int, const tflite::ArithmeticParams&, const T*, const T*, T*, size_t*, size_t*, size_t*, size_t*, size_t*, size_t*, F) [with T = float; F = BroadcastSubSlow<float>(const tflite::ArithmeticParams&, const tflite::RuntimeShape&, const float*, const tflite::RuntimeShape&, const float*, const tflite::RuntimeShape&, float*)::<lambda(float, float, const tflite::ArithmeticParams&)>]	144	static
C:/Baremetal_ODAI_STM32H7/EX_2-2-05_TFLM_MNIST_CNN_QAT/TFLM/tensorflow/lite/kernels/internal/reference/sub.h:142:13:void tflite::reference_ops::BroadcastSubRecursiveDimensions(int, const tflite::ArithmeticParams&, const T*, const T*, T*, size_t*, size_t*, size_t*, size_t*, size_t*, size_t*, F) [with T = short int; F = BroadcastQuantSubSlow<short int>(const tflite::ArithmeticParams&, const tflite::RuntimeShape&, const short int*, const tflite::RuntimeShape&, const short int*, const tflite::RuntimeShape&, short int*)::<lambda(short int, short int, const tflite::ArithmeticParams&)>]	232	static
C:/Baremetal_ODAI_STM32H7/EX_2-2-05_TFLM_MNIST_CNN_QAT/TFLM/tensorflow/lite/kernels/internal/reference/sub.h:142:13:void tflite::reference_ops::BroadcastSubRecursiveDimensions(int, const tflite::ArithmeticParams&, const T*, const T*, T*, size_t*, size_t*, size_t*, size_t*, size_t*, size_t*, F) [with T = signed char; F = BroadcastQuantSubSlow<signed char>(const tflite::ArithmeticParams&, const tflite::RuntimeShape&, const signed char*, const tflite::RuntimeShape&, const signed char*, const tflite::RuntimeShape&, signed char*)::<lambda(signed char, signed char, const tflite::ArithmeticParams&)>]	192	static
../TFLM/tensorflow/lite/micro/kernels/sub.cc:202:18:TFLMRegistration tflite::Register_SUB()	16	static
C:/Baremetal_ODAI_STM32H7/EX_2-2-05_TFLM_MNIST_CNN_QAT/TFLM/tensorflow/lite/kernels/internal/common.h:47:6:bool tflite::ReduceDimensionsForBroadcast(const RuntimeShape&, const RuntimeShape&, size_t*, size_t*, size_t*) [with int MAX_DIM = 6]	112	static
../TFLM/tensorflow/lite/micro/kernels/sub.cc:103:14:TfLiteStatus tflite::EvalSubQuantized(TfLiteContext*, TfLiteNode*, TfLiteSubParams*, const OpDataSub*, const TfLiteEvalTensor*, const TfLiteEvalTensor*, TfLiteEvalTensor*)	688	static
../TFLM/tensorflow/lite/micro/kernels/sub.cc:39:14:TfLiteStatus tflite::EvalSub(TfLiteContext*, TfLiteNode*, TfLiteSubParams*, const OpDataSub*, const TfLiteEvalTensor*, const TfLiteEvalTensor*, TfLiteEvalTensor*)	648	static
../TFLM/tensorflow/lite/micro/kernels/sub.cc:174:14:TfLiteStatus tflite::SubEval(TfLiteContext*, TfLiteNode*)	48	static
