C:/Baremetal_ODAI_STM32H7/EX_2-2-01_TFLM_Hello_Worldd/TFLM/tensorflow/lite/micro/kernels/maximum_minimum.h:54:20:static data_type tflite::MaximumOp::op(data_type, data_type) [with data_type = float]	0	static
C:/Baremetal_ODAI_STM32H7/EX_2-2-01_TFLM_Hello_Worldd/TFLM/tensorflow/lite/micro/kernels/maximum_minimum.h:54:20:static data_type tflite::MaximumOp::op(data_type, data_type) [with data_type = short int]	0	static
C:/Baremetal_ODAI_STM32H7/EX_2-2-01_TFLM_Hello_Worldd/TFLM/tensorflow/lite/micro/kernels/maximum_minimum.h:54:20:static data_type tflite::MaximumOp::op(data_type, data_type) [with data_type = long int]	0	static
C:/Baremetal_ODAI_STM32H7/EX_2-2-01_TFLM_Hello_Worldd/TFLM/tensorflow/lite/micro/kernels/maximum_minimum.h:54:20:static data_type tflite::MaximumOp::op(data_type, data_type) [with data_type = long long int]	0	static
C:/Baremetal_ODAI_STM32H7/EX_2-2-01_TFLM_Hello_Worldd/TFLM/tensorflow/lite/micro/kernels/maximum_minimum.h:61:20:static data_type tflite::MinimumOp::op(data_type, data_type) [with data_type = float]	0	static
C:/Baremetal_ODAI_STM32H7/EX_2-2-01_TFLM_Hello_Worldd/TFLM/tensorflow/lite/micro/kernels/maximum_minimum.h:61:20:static data_type tflite::MinimumOp::op(data_type, data_type) [with data_type = short int]	0	static
C:/Baremetal_ODAI_STM32H7/EX_2-2-01_TFLM_Hello_Worldd/TFLM/tensorflow/lite/micro/kernels/maximum_minimum.h:61:20:static data_type tflite::MinimumOp::op(data_type, data_type) [with data_type = long int]	0	static
C:/Baremetal_ODAI_STM32H7/EX_2-2-01_TFLM_Hello_Worldd/TFLM/tensorflow/lite/micro/kernels/maximum_minimum.h:61:20:static data_type tflite::MinimumOp::op(data_type, data_type) [with data_type = long long int]	0	static
../TFLM/tensorflow/lite/micro/kernels/cmsis_nn/maximum_minimum.cc:97:14:TfLiteStatus tflite::{anonymous}::EvalMaximumInt8(TfLiteContext*, TfLiteNode*)	184	static
../TFLM/tensorflow/lite/micro/kernels/cmsis_nn/maximum_minimum.cc:189:14:TfLiteStatus tflite::{anonymous}::EvalMinimumInt8(TfLiteContext*, TfLiteNode*)	184	static
../TFLM/tensorflow/lite/micro/kernels/cmsis_nn/maximum_minimum.cc:231:18:TFLMRegistration tflite::Register_MAXIMUM()	16	static
../TFLM/tensorflow/lite/micro/kernels/cmsis_nn/maximum_minimum.cc:235:18:TFLMRegistration tflite::Register_MINIMUM()	16	static
../TFLM/tensorflow/lite/micro/kernels/cmsis_nn/maximum_minimum.cc:239:18:TFLMRegistration tflite::Register_MAXIMUM_INT8()	16	static
../TFLM/tensorflow/lite/micro/kernels/cmsis_nn/maximum_minimum.cc:243:18:TFLMRegistration tflite::Register_MINIMUM_INT8()	16	static
C:/Baremetal_ODAI_STM32H7/EX_2-2-01_TFLM_Hello_Worldd/TFLM/tensorflow/lite/kernels/internal/common.h:1083:22:void tflite::CopyDimsToDesc(const RuntimeShape&, NdArrayDesc<N>*) [with int N = 5]	8	static
C:/Baremetal_ODAI_STM32H7/EX_2-2-01_TFLM_Hello_Worldd/TFLM/tensorflow/lite/kernels/internal/common.h:1190:51:typename std::enable_if<(DIM != (N - 1)), void>::type tflite::NDOpsHelperImpl(const NdArrayDesc<N>&, const Calc&, int*) [with int N = 5; int DIM = 1; Calc = reference_ops::MaximumMinimumBroadcastSlow<float, float (*)(float, float)>(const tflite::RuntimeShape&, const float*, const tflite::RuntimeShape&, const float*, const tflite::RuntimeShape&, float*, float (*)(float, float))::<lambda(int*)>]	48	static
C:/Baremetal_ODAI_STM32H7/EX_2-2-01_TFLM_Hello_Worldd/TFLM/tensorflow/lite/kernels/internal/reference/maximum_minimum.h:25:6:void tflite::reference_ops::MaximumMinimumBroadcastSlow(const tflite::RuntimeShape&, const T*, const tflite::RuntimeShape&, const T*, const tflite::RuntimeShape&, T*, Op) [with T = float; Op = float (*)(float, float); int N = 5]	216	static
C:/Baremetal_ODAI_STM32H7/EX_2-2-01_TFLM_Hello_Worldd/TFLM/tensorflow/lite/kernels/internal/common.h:1190:51:typename std::enable_if<(DIM != (N - 1)), void>::type tflite::NDOpsHelperImpl(const NdArrayDesc<N>&, const Calc&, int*) [with int N = 5; int DIM = 1; Calc = reference_ops::MaximumMinimumBroadcastSlow<short int, short int (*)(short int, short int)>(const tflite::RuntimeShape&, const short int*, const tflite::RuntimeShape&, const short int*, const tflite::RuntimeShape&, short int*, short int (*)(short int, short int))::<lambda(int*)>]	48	static
C:/Baremetal_ODAI_STM32H7/EX_2-2-01_TFLM_Hello_Worldd/TFLM/tensorflow/lite/kernels/internal/reference/maximum_minimum.h:25:6:void tflite::reference_ops::MaximumMinimumBroadcastSlow(const tflite::RuntimeShape&, const T*, const tflite::RuntimeShape&, const T*, const tflite::RuntimeShape&, T*, Op) [with T = short int; Op = short int (*)(short int, short int); int N = 5]	216	static
C:/Baremetal_ODAI_STM32H7/EX_2-2-01_TFLM_Hello_Worldd/TFLM/tensorflow/lite/kernels/internal/common.h:1190:51:typename std::enable_if<(DIM != (N - 1)), void>::type tflite::NDOpsHelperImpl(const NdArrayDesc<N>&, const Calc&, int*) [with int N = 5; int DIM = 1; Calc = reference_ops::MaximumMinimumBroadcastSlow<long int, long int (*)(long int, long int)>(const tflite::RuntimeShape&, const long int*, const tflite::RuntimeShape&, const long int*, const tflite::RuntimeShape&, long int*, long int (*)(long int, long int))::<lambda(int*)>]	48	static
C:/Baremetal_ODAI_STM32H7/EX_2-2-01_TFLM_Hello_Worldd/TFLM/tensorflow/lite/kernels/internal/reference/maximum_minimum.h:25:6:void tflite::reference_ops::MaximumMinimumBroadcastSlow(const tflite::RuntimeShape&, const T*, const tflite::RuntimeShape&, const T*, const tflite::RuntimeShape&, T*, Op) [with T = long int; Op = long int (*)(long int, long int); int N = 5]	216	static
C:/Baremetal_ODAI_STM32H7/EX_2-2-01_TFLM_Hello_Worldd/TFLM/tensorflow/lite/kernels/internal/common.h:1190:51:typename std::enable_if<(DIM != (N - 1)), void>::type tflite::NDOpsHelperImpl(const NdArrayDesc<N>&, const Calc&, int*) [with int N = 5; int DIM = 1; Calc = reference_ops::MaximumMinimumBroadcastSlow<long long int, long long int (*)(long long int, long long int)>(const tflite::RuntimeShape&, const long long int*, const tflite::RuntimeShape&, const long long int*, const tflite::RuntimeShape&, long long int*, long long int (*)(long long int, long long int))::<lambda(int*)>]	56	static
C:/Baremetal_ODAI_STM32H7/EX_2-2-01_TFLM_Hello_Worldd/TFLM/tensorflow/lite/kernels/internal/reference/maximum_minimum.h:25:6:void tflite::reference_ops::MaximumMinimumBroadcastSlow(const tflite::RuntimeShape&, const T*, const tflite::RuntimeShape&, const T*, const tflite::RuntimeShape&, T*, Op) [with T = long long int; Op = long long int (*)(long long int, long long int); int N = 5]	216	static
../TFLM/tensorflow/lite/micro/kernels/cmsis_nn/maximum_minimum.cc:137:14:TfLiteStatus tflite::{anonymous}::EvalMinimum(TfLiteContext*, TfLiteNode*)	440	static
../TFLM/tensorflow/lite/micro/kernels/cmsis_nn/maximum_minimum.cc:45:14:TfLiteStatus tflite::{anonymous}::EvalMaximum(TfLiteContext*, TfLiteNode*)	440	static
