../TFLM/tensorflow/lite/micro/kernels/cmsis_nn/pooling.cc:147:7:void* tflite::{anonymous}::Init(TfLiteContext*, const char*, size_t)	8	static
../TFLM/tensorflow/lite/micro/kernels/cmsis_nn/pooling.cc:152:14:TfLiteStatus tflite::{anonymous}::MaxPrepare(TfLiteContext*, TfLiteNode*)	8	static
../TFLM/tensorflow/lite/micro/kernels/cmsis_nn/pooling.cc:159:14:TfLiteStatus tflite::{anonymous}::AveragePrepare(TfLiteContext*, TfLiteNode*)	88	static
../TFLM/tensorflow/lite/micro/kernels/cmsis_nn/pooling.cc:109:14:TfLiteStatus tflite::{anonymous}::MaxEvalQuantized(TfLiteContext*, const TfLiteNode*, const TfLitePoolParams*, const OpData&, const TfLiteEvalTensor*, TfLiteEvalTensor*)	176	static
../TFLM/tensorflow/lite/micro/kernels/cmsis_nn/pooling.cc:260:14:TfLiteStatus tflite::{anonymous}::MaxEval(TfLiteContext*, TfLiteNode*)	40	static
../TFLM/tensorflow/lite/micro/kernels/cmsis_nn/pooling.cc:303:14:TfLiteStatus tflite::{anonymous}::MaxEvalInt16(TfLiteContext*, TfLiteNode*)	32	static
../TFLM/tensorflow/lite/micro/kernels/cmsis_nn/pooling.cc:286:14:TfLiteStatus tflite::{anonymous}::MaxEvalInt8(TfLiteContext*, TfLiteNode*)	32	static
../TFLM/tensorflow/lite/micro/kernels/cmsis_nn/pooling.cc:73:6:void tflite::{anonymous}::AverageEvalQuantized(TfLiteContext*, const TfLiteNode*, const TfLitePoolParams*, const OpData&, const TfLiteEvalTensor*, TfLiteEvalTensor*)	176	static
../TFLM/tensorflow/lite/micro/kernels/cmsis_nn/pooling.cc:198:14:TfLiteStatus tflite::{anonymous}::AverageEval(TfLiteContext*, TfLiteNode*)	40	static
../TFLM/tensorflow/lite/micro/kernels/cmsis_nn/pooling.cc:243:14:TfLiteStatus tflite::{anonymous}::AverageEvalInt16(TfLiteContext*, TfLiteNode*)	32	static
../TFLM/tensorflow/lite/micro/kernels/cmsis_nn/pooling.cc:225:14:TfLiteStatus tflite::{anonymous}::AverageEvalInt8(TfLiteContext*, TfLiteNode*)	32	static
../TFLM/tensorflow/lite/micro/kernels/cmsis_nn/pooling.cc:322:18:TFLMRegistration tflite::Register_AVERAGE_POOL_2D_INT8()	16	static
../TFLM/tensorflow/lite/micro/kernels/cmsis_nn/pooling.cc:326:18:TFLMRegistration tflite::Register_AVERAGE_POOL_2D_INT16()	16	static
../TFLM/tensorflow/lite/micro/kernels/cmsis_nn/pooling.cc:330:18:TFLMRegistration tflite::Register_AVERAGE_POOL_2D()	16	static
../TFLM/tensorflow/lite/micro/kernels/cmsis_nn/pooling.cc:334:18:TFLMRegistration tflite::Register_MAX_POOL_2D_INT8()	16	static
../TFLM/tensorflow/lite/micro/kernels/cmsis_nn/pooling.cc:338:18:TFLMRegistration tflite::Register_MAX_POOL_2D_INT16()	16	static
../TFLM/tensorflow/lite/micro/kernels/cmsis_nn/pooling.cc:342:18:TFLMRegistration tflite::Register_MAX_POOL_2D()	16	static
