../TFLM/tensorflow/lite/micro/kernels/cmsis_nn/transpose_conv.cc:152:7:void* tflite::{anonymous}::Init(TfLiteContext*, const char*, size_t)	8	static
../TFLM/tensorflow/lite/micro/kernels/cmsis_nn/transpose_conv.cc:302:14:TfLiteStatus tflite::{anonymous}::EvalQuantizedPerChannel(TfLiteContext*, TfLiteNode*, const TfLiteConvParams&, const OpData&, const TfLiteEvalTensor*, const TfLiteEvalTensor*, const TfLiteEvalTensor*, TfLiteEvalTensor*)	312	static
../TFLM/tensorflow/lite/micro/kernels/cmsis_nn/transpose_conv.cc:483:14:TfLiteStatus tflite::{anonymous}::EvalInt8(TfLiteContext*, TfLiteNode*)	40	static
C:/Baremetal_ODAI_STM32H7/EX_2-2-01_TFLM_Hello_Worldd/TFLM/tensorflow/lite/kernels/internal/reference/integer_ops/transpose_conv.h:126:13:void tflite::reference_integer_ops::TransposeConv(const tflite::ConvParams&, const int32_t*, const int32_t*, const tflite::RuntimeShape&, const int16_t*, const tflite::RuntimeShape&, const int8_t*, const tflite::RuntimeShape&, const Scalar*, const tflite::RuntimeShape&, int16_t*, const tflite::RuntimeShape&, int8_t*, Scalar*) [with Scalar = long long int]	184	static
../TFLM/tensorflow/lite/micro/kernels/cmsis_nn/transpose_conv.cc:394:14:TfLiteStatus tflite::{anonymous}::Eval(TfLiteContext*, TfLiteNode*)	504	static
../TFLM/tensorflow/lite/micro/kernels/cmsis_nn/transpose_conv.cc:157:14:TfLiteStatus tflite::{anonymous}::Prepare(TfLiteContext*, TfLiteNode*)	352	static
../TFLM/tensorflow/lite/micro/kernels/cmsis_nn/transpose_conv.cc:507:18:TFLMRegistration tflite::Register_TRANSPOSE_CONV()	16	static
../TFLM/tensorflow/lite/micro/kernels/cmsis_nn/transpose_conv.cc:511:18:TFLMRegistration tflite::Register_TRANSPOSE_CONV_INT8()	16	static
