C:/Baremetal_ODAI_STM32H7/EX_2-2-01_TFLM_Hello_Worldd/TFLM/tensorflow/lite/micro/micro_mutable_op_resolver.h:49:7:tflite::MicroMutableOpResolver<11>::~MicroMutableOpResolver()	0	static
C:/Baremetal_ODAI_STM32H7/EX_2-2-01_TFLM_Hello_Worldd/TFLM/tensorflow/lite/micro/micro_mutable_op_resolver.h:55:27:const TFLMRegistration* tflite::MicroMutableOpResolver<tOpCount>::FindOp(tflite::BuiltinOperator) const [with unsigned int tOpCount = 11]	0	static
C:/Baremetal_ODAI_STM32H7/EX_2-2-01_TFLM_Hello_Worldd/TFLM/tensorflow/lite/micro/micro_mutable_op_resolver.h:49:7:virtual tflite::MicroMutableOpResolver<11>::~MicroMutableOpResolver()	8	static
C:/Baremetal_ODAI_STM32H7/EX_2-2-01_TFLM_Hello_Worldd/TFLM/tensorflow/lite/micro/micro_mutable_op_resolver.h:78:36:TfLiteStatus (* tflite::MicroMutableOpResolver<tOpCount>::GetOpDataParser(tflite::BuiltinOperator) const)(const tflite::Operator*, tflite::ErrorReporter*, tflite::BuiltinDataAllocator*, void**) [with unsigned int tOpCount = 11]	8	static
C:/Baremetal_ODAI_STM32H7/EX_2-2-01_TFLM_Hello_Worldd/TFLM/tensorflow/lite/micro/micro_mutable_op_resolver.h:67:27:const TFLMRegistration* tflite::MicroMutableOpResolver<tOpCount>::FindOp(const char*) const [with unsigned int tOpCount = 11]	16	static
C:/Baremetal_ODAI_STM32H7/EX_2-2-01_TFLM_Hello_Worldd/TFLM/tensorflow/lite/micro/micro_mutable_op_resolver.h:671:16:TfLiteStatus tflite::MicroMutableOpResolver<tOpCount>::AddBuiltin(tflite::BuiltinOperator, const TFLMRegistration&, tflite::TfLiteBridgeBuiltinParseFunction) [with unsigned int tOpCount = 11]	32	static
../Src/main.cpp:211:6:void LED_Blink(uint32_t, uint32_t)	16	static
../Src/main.cpp:508:6:void HAL_DCMI_FrameEventCallback(DCMI_HandleTypeDef*)	8	static
../Src/main.cpp:524:10:uint16_t to_little_endian(uint16_t)	0	static
../Src/main.cpp:529:6:void Get_Data(void*)	24	static
../Src/main.cpp:558:5:int Get_Top_Prediction(const float*, int)	0	static
../Src/main.cpp:583:6:void Error_Handler()	8	static
../Src/main.cpp:454:6:void SystemClock_Config()	136	static
../Src/main.cpp:595:6:void Wifi_StateMachine(int)	24	static
../Src/main.cpp:700:6:void RX_DATA()	8	static
../Src/main.cpp:224:5:int main()	728	static,ignoring_inline_asm
