../TFLM/tensorflow/lite/core/c/common.cc:174:8:size_t TfLiteIntArrayGetSizeInBytes(int)	0	static
../TFLM/tensorflow/lite/core/c/common.cc:178:5:int TfLiteIntArrayEqual(const TfLiteIntArray*, const TfLiteIntArray*)	8	static
../TFLM/tensorflow/lite/core/c/common.cc:182:5:int TfLiteIntArrayEqualsArray(const TfLiteIntArray*, int, const int*)	8	static
../TFLM/tensorflow/lite/core/c/common.cc:189:17:TfLiteIntArray* TfLiteIntArrayCreate(int)	8	static
../TFLM/tensorflow/lite/core/c/common.cc:193:17:TfLiteIntArray* TfLiteIntArrayCopy(const TfLiteIntArray*)	24	static
../TFLM/tensorflow/lite/core/c/common.cc:197:6:void TfLiteIntArrayFree(TfLiteIntArray*)	0	static
../TFLM/tensorflow/lite/core/c/common.cc:201:5:int TfLiteFloatArrayGetSizeInBytes(int)	0	static
../TFLM/tensorflow/lite/core/c/common.cc:207:19:TfLiteFloatArray* TfLiteFloatArrayCreate(int)	8	static
../TFLM/tensorflow/lite/core/c/common.cc:211:19:TfLiteFloatArray* TfLiteFloatArrayCopy(const TfLiteFloatArray*)	24	static
../TFLM/tensorflow/lite/core/c/common.cc:215:6:void TfLiteFloatArrayFree(TfLiteFloatArray*)	0	static
../TFLM/tensorflow/lite/core/c/common.cc:217:6:void TfLiteTensorDataFree(TfLiteTensor*)	8	static
../TFLM/tensorflow/lite/core/c/common.cc:236:6:void TfLiteQuantizationFree(TfLiteQuantization*)	16	static
../TFLM/tensorflow/lite/core/c/common.cc:254:6:void TfLiteSparsityFree(TfLiteSparsity*)	16	static
../TFLM/tensorflow/lite/core/c/common.cc:287:6:void TfLiteTensorFree(TfLiteTensor*)	16	static
../TFLM/tensorflow/lite/core/c/common.cc:302:14:TfLiteTensor TfLiteTensorClone(TfLiteTensor)	72	static
../TFLM/tensorflow/lite/core/c/common.cc:351:6:void TfLiteTensorReset(TfLiteType, const char*, TfLiteIntArray*, TfLiteQuantizationParams, char*, size_t, TfLiteAllocationType, const void*, bool, TfLiteTensor*)	32	static
../TFLM/tensorflow/lite/core/c/common.cc:371:14:TfLiteStatus TfLiteTensorCopy(const TfLiteTensor*, TfLiteTensor*)	32	static
../TFLM/tensorflow/lite/core/c/common.cc:403:14:TfLiteStatus TfLiteTensorResizeMaybeCopy(size_t, TfLiteTensor*, bool)	16	static
../TFLM/tensorflow/lite/core/c/common.cc:448:14:TfLiteStatus TfLiteTensorRealloc(size_t, TfLiteTensor*)	16	static
../TFLM/tensorflow/lite/core/c/common.cc:452:23:const TfLiteIntArray* TfLiteTensorGetDimsSignature(const TfLiteTensor*)	0	static
../TFLM/tensorflow/lite/core/c/common.cc:461:13:const char* TfLiteTypeGetName(TfLiteType)	0	static
../TFLM/tensorflow/lite/core/c/common.cc:507:16:TfLiteDelegate TfLiteDelegateCreate()	8	static
../TFLM/tensorflow/lite/core/c/common.cc:510:26:TfLiteAllocationStrategy TfLiteTensorGetAllocationStrategy(const TfLiteTensor*)	0	static
../TFLM/tensorflow/lite/core/c/common.cc:536:20:TfLiteRunStability TfLiteTensorGetBufferAddressStability(const TfLiteTensor*)	0	static
../TFLM/tensorflow/lite/core/c/common.cc:562:20:TfLiteRunStability TfLiteTensorGetDataStability(const TfLiteTensor*)	0	static
../TFLM/tensorflow/lite/core/c/common.cc:590:15:TfLiteRunStep TfLiteTensorGetDataKnownStep(const TfLiteTensor*)	0	static
../TFLM/tensorflow/lite/core/c/common.cc:619:15:TfLiteRunStep TfLiteTensorGetShapeKnownStep(const TfLiteTensor*)	0	static
