C:/Baremetal_ODAI_STM32H7/EX_2-2-01_TFLM_Hello_Worldd/TFLM/tensorflow/lite/micro/micro_interpreter_graph.h:99:27:virtual tflite::MicroResourceVariables* tflite::MicroInterpreterGraph::GetResourceVariables()	0	static
../TFLM/tensorflow/lite/micro/micro_interpreter_graph.cc:61:1:tflite::MicroInterpreterGraph::~MicroInterpreterGraph()	0	static
../TFLM/tensorflow/lite/micro/micro_interpreter_graph.cc:281:5:virtual int tflite::MicroInterpreterGraph::NumSubgraphs()	0	static
../TFLM/tensorflow/lite/micro/micro_interpreter_graph.cc:61:1:virtual tflite::MicroInterpreterGraph::~MicroInterpreterGraph()	8	static
../TFLM/tensorflow/lite/micro/micro_interpreter_graph.cc:63:14:virtual TfLiteStatus tflite::MicroInterpreterGraph::InitSubgraphs()	48	static
../TFLM/tensorflow/lite/micro/micro_interpreter_graph.cc:138:14:virtual TfLiteStatus tflite::MicroInterpreterGraph::ResetSubgraphs()	40	static
../TFLM/tensorflow/lite/micro/micro_interpreter_graph.cc:168:14:virtual TfLiteStatus tflite::MicroInterpreterGraph::FreeSubgraphs()	40	static
../TFLM/tensorflow/lite/micro/micro_interpreter_graph.cc:101:14:virtual TfLiteStatus tflite::MicroInterpreterGraph::PrepareSubgraphs()	48	static
../TFLM/tensorflow/lite/micro/micro_interpreter_graph.cc:198:14:virtual TfLiteStatus tflite::MicroInterpreterGraph::InvokeSubgraph(int)	48	static
../TFLM/tensorflow/lite/micro/micro_interpreter_graph.cc:254:14:virtual TfLiteStatus tflite::MicroInterpreterGraph::ResetVariableTensors()	56	static
../TFLM/tensorflow/lite/micro/micro_interpreter_graph.cc:290:8:virtual size_t tflite::MicroInterpreterGraph::NumSubgraphInputs(int)	8	static
../TFLM/tensorflow/lite/micro/micro_interpreter_graph.cc:307:19:virtual TfLiteEvalTensor* tflite::MicroInterpreterGraph::GetSubgraphOutput(int, int)	16	static
../TFLM/tensorflow/lite/micro/micro_interpreter_graph.cc:294:19:virtual TfLiteEvalTensor* tflite::MicroInterpreterGraph::GetSubgraphInput(int, int)	16	static
../TFLM/tensorflow/lite/micro/micro_interpreter_graph.cc:301:8:virtual size_t tflite::MicroInterpreterGraph::NumSubgraphOutputs(int)	8	static
../TFLM/tensorflow/lite/micro/micro_interpreter_graph.cc:47:1:tflite::MicroInterpreterGraph::MicroInterpreterGraph(TfLiteContext*, const tflite::Model*, tflite::MicroAllocator*, tflite::MicroResourceVariables*)	0	static
../TFLM/tensorflow/lite/micro/micro_interpreter_graph.cc:285:6:void tflite::MicroInterpreterGraph::SetSubgraphAllocations(tflite::SubgraphAllocations*)	0	static
