C:/Baremetal_ODAI_STM32H7/EX_2-2-01_TFLM_Hello_Worldd/TFLM/tensorflow/lite/micro/micro_context.h:183:14:void* tflite::MicroContextAllocatePersistentBuffer(TfLiteContext*, size_t)	0	static
C:/Baremetal_ODAI_STM32H7/EX_2-2-01_TFLM_Hello_Worldd/TFLM/tensorflow/lite/micro/micro_context.h:187:21:TfLiteStatus tflite::MicroContextRequestScratchBufferInArena(TfLiteContext*, size_t, int*)	0	static
C:/Baremetal_ODAI_STM32H7/EX_2-2-01_TFLM_Hello_Worldd/TFLM/tensorflow/lite/micro/micro_context.h:192:14:void* tflite::MicroContextGetScratchBuffer(TfLiteContext*, int)	0	static
C:/Baremetal_ODAI_STM32H7/EX_2-2-01_TFLM_Hello_Worldd/TFLM/tensorflow/lite/micro/micro_context.h:195:22:TfLiteTensor* tflite::MicroContextGetTensor(const TfLiteContext*, int)	0	static
C:/Baremetal_ODAI_STM32H7/EX_2-2-01_TFLM_Hello_Worldd/TFLM/tensorflow/lite/micro/micro_context.h:199:26:TfLiteEvalTensor* tflite::MicroContextGetEvalTensor(const TfLiteContext*, int)	0	static
C:/Baremetal_ODAI_STM32H7/EX_2-2-01_TFLM_Hello_Worldd/TFLM/tensorflow/lite/micro/micro_interpreter_context.h:100:9:virtual void* tflite::MicroInterpreterContext::external_context()	0	static
C:/Baremetal_ODAI_STM32H7/EX_2-2-01_TFLM_Hello_Worldd/TFLM/tensorflow/lite/micro/micro_context.h:203:31:TfLiteExternalContext* tflite::MicroContextGetExternalContext(TfLiteContext*, TfLiteExternalContextType)	0	static
../TFLM/tensorflow/lite/micro/micro_interpreter.cc:46:1:tflite::MicroInterpreter::MicroInterpreter(const tflite::Model*, const tflite::MicroOpResolver&, uint8_t*, size_t, tflite::MicroResourceVariables*, tflite::MicroProfilerInterface*, bool)	40	static
../TFLM/tensorflow/lite/micro/micro_interpreter.cc:67:1:tflite::MicroInterpreter::MicroInterpreter(const tflite::Model*, const tflite::MicroOpResolver&, tflite::MicroAllocator*, tflite::MicroResourceVariables*, tflite::MicroProfilerInterface*)	32	static
../TFLM/tensorflow/lite/micro/micro_interpreter.cc:90:6:void tflite::MicroInterpreter::Init(tflite::MicroProfilerInterface*)	16	static
../TFLM/tensorflow/lite/micro/micro_interpreter.cc:297:15:TfLiteTensor* tflite::MicroInterpreter::input(size_t)	8	static
../TFLM/tensorflow/lite/micro/micro_interpreter.cc:306:15:TfLiteTensor* tflite::MicroInterpreter::output(size_t)	8	static
../TFLM/tensorflow/lite/micro/micro_interpreter.cc:323:19:TfLiteEvalTensor* tflite::MicroInterpreter::GetTensor(int, int)	24	static
../TFLM/tensorflow/lite/micro/micro_interpreter.cc:84:1:tflite::MicroInterpreter::~MicroInterpreter()	16	static
../TFLM/tensorflow/lite/micro/micro_interpreter.cc:107:14:TfLiteStatus tflite::MicroInterpreter::PrepareNodeAndRegistrationDataFromFlatbuffer()	96	static
../TFLM/tensorflow/lite/micro/micro_interpreter.cc:315:14:TfLiteStatus tflite::MicroInterpreter::Reset()	8	static
../TFLM/tensorflow/lite/micro/micro_interpreter.cc:200:14:TfLiteStatus tflite::MicroInterpreter::AllocateTensors()	56	static
../TFLM/tensorflow/lite/micro/micro_interpreter.cc:283:14:TfLiteStatus tflite::MicroInterpreter::Invoke()	8	static
../TFLM/tensorflow/lite/micro/micro_interpreter.cc:332:14:TfLiteStatus tflite::MicroInterpreter::SetMicroExternalContext(void*)	0	static
../TFLM/tensorflow/lite/micro/micro_interpreter.cc:337:14:TfLiteStatus tflite::MicroInterpreter::SetAlternateProfiler(tflite::MicroProfilerInterface*)	0	static
