../TFLM/signal/micro/kernels/overlap_add.cc:124:14:TfLiteStatus tflite::{anonymous}::OverlapAddEval(TfLiteContext*, TfLiteNode*) [with T = short int]	40	static
../TFLM/signal/micro/kernels/overlap_add.cc:124:14:TfLiteStatus tflite::{anonymous}::OverlapAddEval(TfLiteContext*, TfLiteNode*) [with T = float]	40	static
../TFLM/signal/micro/kernels/overlap_add.cc:186:14:TfLiteStatus tflite::{anonymous}::OverlapAddEvalAll(TfLiteContext*, TfLiteNode*)	0	static
../TFLM/signal/micro/kernels/overlap_add.cc:77:14:TfLiteStatus tflite::{anonymous}::OverlapAddPrepare(TfLiteContext*, TfLiteNode*) [with T = short int; TfLiteType TfLiteTypeEnum = kTfLiteInt16]	104	static
../TFLM/signal/micro/kernels/overlap_add.cc:77:14:TfLiteStatus tflite::{anonymous}::OverlapAddPrepare(TfLiteContext*, TfLiteNode*) [with T = float; TfLiteType TfLiteTypeEnum = kTfLiteFloat32]	112	static
../TFLM/signal/micro/kernels/overlap_add.cc:170:14:TfLiteStatus tflite::{anonymous}::OverlapAddPrepareAll(TfLiteContext*, TfLiteNode*)	0	static
C:/joon/baremetal_team3-flower102/baremetal_team3-flower102/EX_2-2-01_TFLM_Hello_World/TFLM/third_party/flatbuffers/include/flatbuffers/flexbuffers.h:871:26:int flexbuffers::KeyCompare(const void*, const void*) [with T = unsigned char]	0	static
C:/joon/baremetal_team3-flower102/baremetal_team3-flower102/EX_2-2-01_TFLM_Hello_World/TFLM/third_party/flatbuffers/include/flatbuffers/flexbuffers.h:871:26:int flexbuffers::KeyCompare(const void*, const void*) [with T = short unsigned int]	0	static
C:/joon/baremetal_team3-flower102/baremetal_team3-flower102/EX_2-2-01_TFLM_Hello_World/TFLM/third_party/flatbuffers/include/flatbuffers/flexbuffers.h:871:26:int flexbuffers::KeyCompare(const void*, const void*) [with T = long unsigned int]	0	static
C:/joon/baremetal_team3-flower102/baremetal_team3-flower102/EX_2-2-01_TFLM_Hello_World/TFLM/third_party/flatbuffers/include/flatbuffers/flexbuffers.h:871:26:int flexbuffers::KeyCompare(const void*, const void*) [with T = long long unsigned int]	0	static
../TFLM/signal/micro/kernels/overlap_add.cc:58:7:void* tflite::{anonymous}::OverlapAddInit(TfLiteContext*, const char*, size_t) [with T = short int]	32	static
../TFLM/signal/micro/kernels/overlap_add.cc:58:7:void* tflite::{anonymous}::OverlapAddInit(TfLiteContext*, const char*, size_t) [with T = float]	32	static
../TFLM/signal/micro/kernels/overlap_add.cc:148:6:void tflite::{anonymous}::OverlapAddReset(TfLiteContext*, void*) [with T = short int]	16	static
../TFLM/signal/micro/kernels/overlap_add.cc:148:6:void tflite::{anonymous}::OverlapAddReset(TfLiteContext*, void*) [with T = float]	16	static
../TFLM/signal/micro/kernels/overlap_add.cc:202:6:void tflite::{anonymous}::OverlapAddResetAll(TfLiteContext*, void*)	16	static
C:/joon/baremetal_team3-flower102/baremetal_team3-flower102/EX_2-2-01_TFLM_Hello_World/TFLM/third_party/flatbuffers/include/flatbuffers/flexbuffers.h:425:11:int64_t flexbuffers::Reference::AsInt64() const	32	static
../TFLM/signal/micro/kernels/overlap_add.cc:152:7:void* tflite::{anonymous}::OverlapAddInitAll(TfLiteContext*, const char*, size_t)	72	static
../TFLM/signal/micro/kernels/overlap_add.cc:222:19:TFLMRegistration* tflite::tflm_signal::Register_OVERLAP_ADD()	24	static
../TFLM/signal/micro/kernels/overlap_add.cc:229:19:TFLMRegistration* tflite::tflm_signal::Register_OVERLAP_ADD_FLOAT()	24	static
../TFLM/signal/micro/kernels/overlap_add.cc:236:19:TFLMRegistration* tflite::tflm_signal::Register_OVERLAP_ADD_INT16()	24	static
