../TFLM/tensorflow/lite/micro/kernels/cmsis_nn/conv.cc:40:7:void* tflite::{anonymous}::Init(TfLiteContext*, const char*, size_t)	8	static
../TFLM/tensorflow/lite/micro/kernels/cmsis_nn/conv.cc:45:14:TfLiteStatus tflite::{anonymous}::Prepare(TfLiteContext*, TfLiteNode*)	224	static
../TFLM/tensorflow/lite/micro/kernels/cmsis_nn/conv.cc:245:14:TfLiteStatus tflite::{anonymous}::EvalQuantizedPerChannel(TfLiteContext*, TfLiteNode*, const TfLiteConvParams&, const OpData&, const TfLiteEvalTensor*, const TfLiteEvalTensor*, const TfLiteEvalTensor*, TfLiteEvalTensor*) [with ActType = short int; BiasType = long long int; TfLiteType type = kTfLiteInt16]	192	static
../TFLM/tensorflow/lite/micro/kernels/cmsis_nn/conv.cc:245:14:TfLiteStatus tflite::{anonymous}::EvalQuantizedPerChannel(TfLiteContext*, TfLiteNode*, const TfLiteConvParams&, const OpData&, const TfLiteEvalTensor*, const TfLiteEvalTensor*, const TfLiteEvalTensor*, TfLiteEvalTensor*) [with ActType = short int; BiasType = long int; TfLiteType type = kTfLiteInt16]	192	static
../TFLM/tensorflow/lite/micro/kernels/cmsis_nn/conv.cc:369:14:TfLiteStatus tflite::{anonymous}::EvalInt16x8(TfLiteContext*, TfLiteNode*)	40	static
../TFLM/tensorflow/lite/micro/kernels/cmsis_nn/conv.cc:400:14:TfLiteStatus tflite::{anonymous}::Eval(TfLiteContext*, TfLiteNode*)	704	static
../TFLM/tensorflow/lite/micro/kernels/cmsis_nn/conv.cc:347:14:TfLiteStatus tflite::{anonymous}::EvalInt8(TfLiteContext*, TfLiteNode*)	184	static
../TFLM/tensorflow/lite/micro/kernels/cmsis_nn/conv.cc:325:14:TfLiteStatus tflite::{anonymous}::EvalInt4(TfLiteContext*, TfLiteNode*)	184	static
../TFLM/tensorflow/lite/micro/kernels/cmsis_nn/conv.cc:484:18:TFLMRegistration tflite::Register_CONV_2D()	16	static
../TFLM/tensorflow/lite/micro/kernels/cmsis_nn/conv.cc:488:18:TFLMRegistration tflite::Register_CONV_2D_INT4()	16	static
../TFLM/tensorflow/lite/micro/kernels/cmsis_nn/conv.cc:492:18:TFLMRegistration tflite::Register_CONV_2D_INT8()	16	static
../TFLM/tensorflow/lite/micro/kernels/cmsis_nn/conv.cc:496:18:TFLMRegistration tflite::Register_CONV_2D_INT16()	16	static
