../TFLM/tensorflow/lite/micro/kernels/cmsis_nn/depthwise_conv.cc:53:7:void* tflite::{anonymous}::Init(TfLiteContext*, const char*, size_t)	8	static
../TFLM/tensorflow/lite/micro/kernels/cmsis_nn/depthwise_conv.cc:58:14:TfLiteStatus tflite::{anonymous}::Prepare(TfLiteContext*, TfLiteNode*)	280	static
../TFLM/tensorflow/lite/micro/kernels/cmsis_nn/depthwise_conv.cc:340:6:void tflite::{anonymous}::EvalQuantizedPerChannel16x8(TfLiteContext*, TfLiteNode*, const TfLiteDepthwiseConvParams&, const OpData&, const TfLiteEvalTensor*, const TfLiteEvalTensor*, const TfLiteEvalTensor*, TfLiteEvalTensor*)	304	static
../TFLM/tensorflow/lite/micro/kernels/cmsis_nn/depthwise_conv.cc:461:14:TfLiteStatus tflite::{anonymous}::EvalInt16x8(TfLiteContext*, TfLiteNode*)	48	static
../TFLM/tensorflow/lite/micro/kernels/cmsis_nn/depthwise_conv.cc:303:6:void tflite::{anonymous}::EvalQuantizedPerChannelInt4(TfLiteContext*, TfLiteNode*, const TfLiteDepthwiseConvParams&, const OpData&, const TfLiteEvalTensor*, const TfLiteEvalTensor*, const TfLiteEvalTensor*, TfLiteEvalTensor*)	304	static
../TFLM/tensorflow/lite/micro/kernels/cmsis_nn/depthwise_conv.cc:485:14:TfLiteStatus tflite::{anonymous}::EvalInt4(TfLiteContext*, TfLiteNode*)	48	static
../TFLM/tensorflow/lite/micro/kernels/cmsis_nn/depthwise_conv.cc:267:6:void tflite::{anonymous}::EvalQuantizedPerChannel(TfLiteContext*, TfLiteNode*, const TfLiteDepthwiseConvParams&, const OpData&, const TfLiteEvalTensor*, const TfLiteEvalTensor*, const TfLiteEvalTensor*, TfLiteEvalTensor*)	304	static
../TFLM/tensorflow/lite/micro/kernels/cmsis_nn/depthwise_conv.cc:437:14:TfLiteStatus tflite::{anonymous}::EvalInt8(TfLiteContext*, TfLiteNode*)	48	static
../TFLM/tensorflow/lite/micro/kernels/cmsis_nn/depthwise_conv.cc:373:14:TfLiteStatus tflite::{anonymous}::Eval(TfLiteContext*, TfLiteNode*)	408	static
../TFLM/tensorflow/lite/micro/kernels/cmsis_nn/depthwise_conv.cc:511:18:TFLMRegistration tflite::Register_DEPTHWISE_CONV_2D()	16	static
../TFLM/tensorflow/lite/micro/kernels/cmsis_nn/depthwise_conv.cc:515:18:TFLMRegistration tflite::Register_DEPTHWISE_CONV_2D_INT8()	16	static
../TFLM/tensorflow/lite/micro/kernels/cmsis_nn/depthwise_conv.cc:519:18:TFLMRegistration tflite::Register_DEPTHWISE_CONV_2D_INT16()	16	static
../TFLM/tensorflow/lite/micro/kernels/cmsis_nn/depthwise_conv.cc:523:18:TFLMRegistration tflite::Register_DEPTHWISE_CONV_2D_INT4()	16	static
