../TFLM/tensorflow/lite/micro/kernels/cmsis_nn/batch_matmul.cc:174:7:void* tflite::{anonymous}::Init(TfLiteContext*, const char*, size_t)	8	static
../TFLM/tensorflow/lite/micro/kernels/cmsis_nn/batch_matmul.cc:137:19:TfLiteEvalTensor* tflite::{anonymous}::AllocInitTransposeTensorFromTfLiteTensor(TfLiteContext*, tflite::MicroContext*, const TfLiteTensor&)	48	static
../TFLM/tensorflow/lite/micro/kernels/cmsis_nn/batch_matmul.cc:179:14:TfLiteStatus tflite::{anonymous}::Prepare(TfLiteContext*, TfLiteNode*)	184	static
../TFLM/tensorflow/lite/micro/kernels/cmsis_nn/batch_matmul.cc:55:21:TfLiteStatus tflite::{anonymous}::PopulateEvalData(TfLiteContext*, OpData*, const TfLiteBatchMatMulParams*, TfLiteNode*, const TfLiteEvalTensor*, tflite::RuntimeShape*, TfLiteEvalTensor**, const TfLiteEvalTensor*, tflite::RuntimeShape*, TfLiteEvalTensor**, const TfLiteEvalTensor*)	264	static
../TFLM/tensorflow/lite/micro/kernels/cmsis_nn/batch_matmul.cc:401:14:TfLiteStatus tflite::{anonymous}::EvalInt16(TfLiteContext*, TfLiteNode*)	200	static
../TFLM/tensorflow/lite/micro/kernels/cmsis_nn/batch_matmul.cc:327:14:TfLiteStatus tflite::{anonymous}::EvalInt8(TfLiteContext*, TfLiteNode*)	200	static
../TFLM/tensorflow/lite/micro/kernels/cmsis_nn/batch_matmul.cc:471:14:TfLiteStatus tflite::{anonymous}::Eval(TfLiteContext*, TfLiteNode*)	336	static
../TFLM/tensorflow/lite/micro/kernels/cmsis_nn/batch_matmul.cc:523:18:TFLMRegistration tflite::Register_BATCH_MATMUL()	16	static
../TFLM/tensorflow/lite/micro/kernels/cmsis_nn/batch_matmul.cc:527:18:TFLMRegistration tflite::Register_BATCH_MATMUL_INT8()	16	static
../TFLM/tensorflow/lite/micro/kernels/cmsis_nn/batch_matmul.cc:531:18:TFLMRegistration tflite::Register_BATCH_MATMUL_INT16()	16	static
