../TFLM/tensorflow/lite/core/api/flatbuffer_conversions.cc:1031:14:TfLiteStatus tflite::ConvertTensorType(TensorType, TfLiteType*, ErrorReporter*)	8	static
../TFLM/tensorflow/lite/core/api/flatbuffer_conversions.cc:1102:14:TfLiteStatus tflite::ParseAbs(const Operator*, ErrorReporter*, BuiltinDataAllocator*, void**)	0	static
../TFLM/tensorflow/lite/core/api/flatbuffer_conversions.cc:1107:14:TfLiteStatus tflite::ParseAdd(const Operator*, ErrorReporter*, BuiltinDataAllocator*, void**)	16	static
../TFLM/tensorflow/lite/core/api/flatbuffer_conversions.cc:1132:14:TfLiteStatus tflite::ParseAddN(const Operator*, ErrorReporter*, BuiltinDataAllocator*, void**)	0	static
../TFLM/tensorflow/lite/core/api/flatbuffer_conversions.cc:1137:14:TfLiteStatus tflite::ParseArgMax(const Operator*, ErrorReporter*, BuiltinDataAllocator*, void**)	24	static
../TFLM/tensorflow/lite/core/api/flatbuffer_conversions.cc:1162:14:TfLiteStatus tflite::ParseArgMin(const Operator*, ErrorReporter*, BuiltinDataAllocator*, void**)	24	static
../TFLM/tensorflow/lite/core/api/flatbuffer_conversions.cc:1190:14:TfLiteStatus tflite::ParseAssignVariable(const Operator*, ErrorReporter*, BuiltinDataAllocator*, void**)	0	static
../TFLM/tensorflow/lite/core/api/flatbuffer_conversions.cc:1198:14:TfLiteStatus tflite::ParseBatchMatMul(const Operator*, ErrorReporter*, BuiltinDataAllocator*, void**)	16	static
../TFLM/tensorflow/lite/core/api/flatbuffer_conversions.cc:1219:14:TfLiteStatus tflite::ParseBatchToSpaceNd(const Operator*, ErrorReporter*, BuiltinDataAllocator*, void**)	0	static
../TFLM/tensorflow/lite/core/api/flatbuffer_conversions.cc:1227:14:TfLiteStatus tflite::ParseBroadcastArgs(const Operator*, ErrorReporter*, BuiltinDataAllocator*, void**)	0	static
../TFLM/tensorflow/lite/core/api/flatbuffer_conversions.cc:1235:14:TfLiteStatus tflite::ParseBroadcastTo(const Operator*, ErrorReporter*, BuiltinDataAllocator*, void**)	0	static
../TFLM/tensorflow/lite/core/api/flatbuffer_conversions.cc:1240:14:TfLiteStatus tflite::ParseCallOnce(const Operator*, ErrorReporter*, BuiltinDataAllocator*, void**)	16	static
../TFLM/tensorflow/lite/core/api/flatbuffer_conversions.cc:1270:14:TfLiteStatus tflite::ParseCast(const Operator*, ErrorReporter*, BuiltinDataAllocator*, void**)	40	static
../TFLM/tensorflow/lite/core/api/flatbuffer_conversions.cc:1291:14:TfLiteStatus tflite::ParseCeil(const Operator*, ErrorReporter*, BuiltinDataAllocator*, void**)	0	static
../TFLM/tensorflow/lite/core/api/flatbuffer_conversions.cc:1296:14:TfLiteStatus tflite::ParseConcatenation(const Operator*, ErrorReporter*, BuiltinDataAllocator*, void**)	16	static
../TFLM/tensorflow/lite/core/api/flatbuffer_conversions.cc:1325:14:TfLiteStatus tflite::ParseConv2D(const Operator*, ErrorReporter*, BuiltinDataAllocator*, void**)	32	static
../TFLM/tensorflow/lite/core/api/flatbuffer_conversions.cc:1362:14:TfLiteStatus tflite::ParseCumsum(const Operator*, ErrorReporter*, BuiltinDataAllocator*, void**)	16	static
../TFLM/tensorflow/lite/core/api/flatbuffer_conversions.cc:1380:14:TfLiteStatus tflite::ParseCos(const Operator*, ErrorReporter*, BuiltinDataAllocator*, void**)	0	static
../TFLM/tensorflow/lite/core/api/flatbuffer_conversions.cc:1385:14:TfLiteStatus tflite::ParseDepthToSpace(const Operator*, ErrorReporter*, BuiltinDataAllocator*, void**)	16	static
../TFLM/tensorflow/lite/core/api/flatbuffer_conversions.cc:1410:14:TfLiteStatus tflite::ParseDepthwiseConv2D(const Operator*, ErrorReporter*, BuiltinDataAllocator*, void**)	16	static
../TFLM/tensorflow/lite/core/api/flatbuffer_conversions.cc:1449:14:TfLiteStatus tflite::ParseDequantize(const Operator*, ErrorReporter*, BuiltinDataAllocator*, void**)	0	static
../TFLM/tensorflow/lite/core/api/flatbuffer_conversions.cc:1454:14:TfLiteStatus tflite::ParseDiv(const Operator*, ErrorReporter*, BuiltinDataAllocator*, void**)	16	static
../TFLM/tensorflow/lite/core/api/flatbuffer_conversions.cc:1472:14:TfLiteStatus tflite::ParseElu(const Operator*, ErrorReporter*, BuiltinDataAllocator*, void**)	0	static
../TFLM/tensorflow/lite/core/api/flatbuffer_conversions.cc:1480:14:TfLiteStatus tflite::ParseEmbeddingLookup(const Operator*, ErrorReporter*, BuiltinDataAllocator*, void**)	0	static
../TFLM/tensorflow/lite/core/api/flatbuffer_conversions.cc:1488:14:TfLiteStatus tflite::ParseEqual(const Operator*, ErrorReporter*, BuiltinDataAllocator*, void**)	0	static
../TFLM/tensorflow/lite/core/api/flatbuffer_conversions.cc:1496:14:TfLiteStatus tflite::ParseExp(const Operator*, ErrorReporter*, BuiltinDataAllocator*, void**)	0	static
../TFLM/tensorflow/lite/core/api/flatbuffer_conversions.cc:1504:14:TfLiteStatus tflite::ParseExpandDims(const Operator*, ErrorReporter*, BuiltinDataAllocator*, void**)	0	static
../TFLM/tensorflow/lite/core/api/flatbuffer_conversions.cc:1512:14:TfLiteStatus tflite::ParseFill(const Operator*, ErrorReporter*, BuiltinDataAllocator*, void**)	0	static
../TFLM/tensorflow/lite/core/api/flatbuffer_conversions.cc:1520:14:TfLiteStatus tflite::ParseFloor(const Operator*, ErrorReporter*, BuiltinDataAllocator*, void**)	0	static
../TFLM/tensorflow/lite/core/api/flatbuffer_conversions.cc:1528:14:TfLiteStatus tflite::ParseFloorDiv(const Operator*, ErrorReporter*, BuiltinDataAllocator*, void**)	0	static
../TFLM/tensorflow/lite/core/api/flatbuffer_conversions.cc:1536:14:TfLiteStatus tflite::ParseFloorMod(const Operator*, ErrorReporter*, BuiltinDataAllocator*, void**)	0	static
../TFLM/tensorflow/lite/core/api/flatbuffer_conversions.cc:1541:14:TfLiteStatus tflite::ParseFullyConnected(const Operator*, ErrorReporter*, BuiltinDataAllocator*, void**)	40	static
../TFLM/tensorflow/lite/core/api/flatbuffer_conversions.cc:1592:14:TfLiteStatus tflite::ParseGather(const Operator*, ErrorReporter*, BuiltinDataAllocator*, void**)	16	static
../TFLM/tensorflow/lite/core/api/flatbuffer_conversions.cc:1613:14:TfLiteStatus tflite::ParseGatherNd(const Operator*, ErrorReporter*, BuiltinDataAllocator*, void**)	0	static
../TFLM/tensorflow/lite/core/api/flatbuffer_conversions.cc:1621:14:TfLiteStatus tflite::ParseGreater(const Operator*, ErrorReporter*, BuiltinDataAllocator*, void**)	0	static
../TFLM/tensorflow/lite/core/api/flatbuffer_conversions.cc:1629:14:TfLiteStatus tflite::ParseGreaterEqual(const Operator*, ErrorReporter*, BuiltinDataAllocator*, void**)	0	static
../TFLM/tensorflow/lite/core/api/flatbuffer_conversions.cc:1637:14:TfLiteStatus tflite::ParseHardSwish(const Operator*, ErrorReporter*, BuiltinDataAllocator*, void**)	0	static
../TFLM/tensorflow/lite/core/api/flatbuffer_conversions.cc:1642:14:TfLiteStatus tflite::ParseIf(const Operator*, ErrorReporter*, BuiltinDataAllocator*, void**)	16	static
../TFLM/tensorflow/lite/core/api/flatbuffer_conversions.cc:1666:14:TfLiteStatus tflite::ParseL2Normalization(const Operator*, ErrorReporter*, BuiltinDataAllocator*, void**)	16	static
../TFLM/tensorflow/lite/core/api/flatbuffer_conversions.cc:1693:14:TfLiteStatus tflite::ParseLeakyRelu(const Operator*, ErrorReporter*, BuiltinDataAllocator*, void**)	16	static
../TFLM/tensorflow/lite/core/api/flatbuffer_conversions.cc:1712:14:TfLiteStatus tflite::ParseLess(const Operator*, ErrorReporter*, BuiltinDataAllocator*, void**)	0	static
../TFLM/tensorflow/lite/core/api/flatbuffer_conversions.cc:1720:14:TfLiteStatus tflite::ParseLessEqual(const Operator*, ErrorReporter*, BuiltinDataAllocator*, void**)	0	static
../TFLM/tensorflow/lite/core/api/flatbuffer_conversions.cc:1728:14:TfLiteStatus tflite::ParseLog(const Operator*, ErrorReporter*, BuiltinDataAllocator*, void**)	0	static
../TFLM/tensorflow/lite/core/api/flatbuffer_conversions.cc:1736:14:TfLiteStatus tflite::ParseLogicalAnd(const Operator*, ErrorReporter*, BuiltinDataAllocator*, void**)	0	static
../TFLM/tensorflow/lite/core/api/flatbuffer_conversions.cc:1744:14:TfLiteStatus tflite::ParseLogicalNot(const Operator*, ErrorReporter*, BuiltinDataAllocator*, void**)	0	static
../TFLM/tensorflow/lite/core/api/flatbuffer_conversions.cc:1752:14:TfLiteStatus tflite::ParseLogicalOr(const Operator*, ErrorReporter*, BuiltinDataAllocator*, void**)	0	static
../TFLM/tensorflow/lite/core/api/flatbuffer_conversions.cc:1760:14:TfLiteStatus tflite::ParseLogistic(const Operator*, ErrorReporter*, BuiltinDataAllocator*, void**)	0	static
../TFLM/tensorflow/lite/core/api/flatbuffer_conversions.cc:1768:14:TfLiteStatus tflite::ParseLogSoftmax(const Operator*, ErrorReporter*, BuiltinDataAllocator*, void**)	0	static
../TFLM/tensorflow/lite/core/api/flatbuffer_conversions.cc:1773:14:TfLiteStatus tflite::ParseLSTM(const Operator*, ErrorReporter*, BuiltinDataAllocator*, void**)	24	static
../TFLM/tensorflow/lite/core/api/flatbuffer_conversions.cc:1810:14:TfLiteStatus tflite::ParseMaximum(const Operator*, ErrorReporter*, BuiltinDataAllocator*, void**)	0	static
../TFLM/tensorflow/lite/core/api/flatbuffer_conversions.cc:1818:14:TfLiteStatus tflite::ParseMinimum(const Operator*, ErrorReporter*, BuiltinDataAllocator*, void**)	0	static
../TFLM/tensorflow/lite/core/api/flatbuffer_conversions.cc:1823:14:TfLiteStatus tflite::ParseMirrorPad(const Operator*, ErrorReporter*, BuiltinDataAllocator*, void**)	16	static
../TFLM/tensorflow/lite/core/api/flatbuffer_conversions.cc:1849:14:TfLiteStatus tflite::ParseMul(const Operator*, ErrorReporter*, BuiltinDataAllocator*, void**)	16	static
../TFLM/tensorflow/lite/core/api/flatbuffer_conversions.cc:1876:14:TfLiteStatus tflite::ParseNeg(const Operator*, ErrorReporter*, BuiltinDataAllocator*, void**)	0	static
../TFLM/tensorflow/lite/core/api/flatbuffer_conversions.cc:1884:14:TfLiteStatus tflite::ParseNotEqual(const Operator*, ErrorReporter*, BuiltinDataAllocator*, void**)	0	static
../TFLM/tensorflow/lite/core/api/flatbuffer_conversions.cc:1889:14:TfLiteStatus tflite::ParsePack(const Operator*, ErrorReporter*, BuiltinDataAllocator*, void**)	16	static
../TFLM/tensorflow/lite/core/api/flatbuffer_conversions.cc:1917:14:TfLiteStatus tflite::ParsePad(const Operator*, ErrorReporter*, BuiltinDataAllocator*, void**)	0	static
../TFLM/tensorflow/lite/core/api/flatbuffer_conversions.cc:1925:14:TfLiteStatus tflite::ParsePadV2(const Operator*, ErrorReporter*, BuiltinDataAllocator*, void**)	0	static
../TFLM/tensorflow/lite/core/api/flatbuffer_conversions.cc:1930:14:TfLiteStatus tflite::ParsePool(const Operator*, ErrorReporter*, BuiltinDataAllocator*, void**)	16	static
../TFLM/tensorflow/lite/core/api/flatbuffer_conversions.cc:1963:14:TfLiteStatus tflite::ParsePow(const Operator*, ErrorReporter*, BuiltinDataAllocator*, void**)	0	static
../TFLM/tensorflow/lite/core/api/flatbuffer_conversions.cc:1971:14:TfLiteStatus tflite::ParsePrelu(const Operator*, ErrorReporter*, BuiltinDataAllocator*, void**)	0	static
../TFLM/tensorflow/lite/core/api/flatbuffer_conversions.cc:1979:14:TfLiteStatus tflite::ParseQuantize(const Operator*, ErrorReporter*, BuiltinDataAllocator*, void**)	0	static
../TFLM/tensorflow/lite/core/api/flatbuffer_conversions.cc:1987:14:TfLiteStatus tflite::ParseReadVariable(const Operator*, ErrorReporter*, BuiltinDataAllocator*, void**)	0	static
../TFLM/tensorflow/lite/core/api/flatbuffer_conversions.cc:1992:14:TfLiteStatus tflite::ParseReducer(const Operator*, ErrorReporter*, BuiltinDataAllocator*, void**)	16	static
../TFLM/tensorflow/lite/core/api/flatbuffer_conversions.cc:2021:14:TfLiteStatus tflite::ParseRelu(const Operator*, ErrorReporter*, BuiltinDataAllocator*, void**)	0	static
../TFLM/tensorflow/lite/core/api/flatbuffer_conversions.cc:2029:14:TfLiteStatus tflite::ParseRelu6(const Operator*, ErrorReporter*, BuiltinDataAllocator*, void**)	0	static
../TFLM/tensorflow/lite/core/api/flatbuffer_conversions.cc:2034:14:TfLiteStatus tflite::ParseReshape(const Operator*, ErrorReporter*, BuiltinDataAllocator*, void**)	24	static
../TFLM/tensorflow/lite/core/api/flatbuffer_conversions.cc:2071:14:TfLiteStatus tflite::ParseResizeBilinear(const Operator*, ErrorReporter*, BuiltinDataAllocator*, void**)	16	static
../TFLM/tensorflow/lite/core/api/flatbuffer_conversions.cc:2098:14:TfLiteStatus tflite::ParseResizeNearestNeighbor(const Operator*, ErrorReporter*, BuiltinDataAllocator*, void**)	16	static
../TFLM/tensorflow/lite/core/api/flatbuffer_conversions.cc:2125:14:TfLiteStatus tflite::ParseStablehloReduceWindow(const Operator*, ErrorReporter*, BuiltinDataAllocator*, void**)	40	static
../TFLM/tensorflow/lite/core/api/flatbuffer_conversions.cc:2207:14:TfLiteStatus tflite::ParseStablehloScatter(const Operator*, ErrorReporter*, BuiltinDataAllocator*, void**)	24	static
../TFLM/tensorflow/lite/core/api/flatbuffer_conversions.cc:2266:14:TfLiteStatus tflite::ParseStablehloRngBitGenerator(const Operator*, ErrorReporter*, BuiltinDataAllocator*, void**)	16	static
../TFLM/tensorflow/lite/core/api/flatbuffer_conversions.cc:2292:14:TfLiteStatus tflite::ParseStablehloGather(const Operator*, ErrorReporter*, BuiltinDataAllocator*, void**)	24	static
../TFLM/tensorflow/lite/core/api/flatbuffer_conversions.cc:2348:14:TfLiteStatus tflite::ParseStablehloPad(const Operator*, ErrorReporter*, BuiltinDataAllocator*, void**)	24	static
../TFLM/tensorflow/lite/core/api/flatbuffer_conversions.cc:2401:14:TfLiteStatus tflite::ParseStablehloComposite(const Operator*, ErrorReporter*, BuiltinDataAllocator*, void**)	24	static
../TFLM/tensorflow/lite/core/api/flatbuffer_conversions.cc:2426:14:TfLiteStatus tflite::ParseStablehloShiftLeft(const Operator*, ErrorReporter*, BuiltinDataAllocator*, void**)	0	static
../TFLM/tensorflow/lite/core/api/flatbuffer_conversions.cc:2433:14:TfLiteStatus tflite::ParseStablehloCase(const Operator*, ErrorReporter*, BuiltinDataAllocator*, void**)	32	static
../TFLM/tensorflow/lite/core/api/flatbuffer_conversions.cc:2476:14:TfLiteStatus tflite::ParseReverseV2(const Operator*, ErrorReporter*, BuiltinDataAllocator*, void**)	0	static
../TFLM/tensorflow/lite/core/api/flatbuffer_conversions.cc:2484:14:TfLiteStatus tflite::ParseRound(const Operator*, ErrorReporter*, BuiltinDataAllocator*, void**)	0	static
../TFLM/tensorflow/lite/core/api/flatbuffer_conversions.cc:2492:14:TfLiteStatus tflite::ParseRsqrt(const Operator*, ErrorReporter*, BuiltinDataAllocator*, void**)	0	static
../TFLM/tensorflow/lite/core/api/flatbuffer_conversions.cc:2500:14:TfLiteStatus tflite::ParseSelectV2(const Operator*, ErrorReporter*, BuiltinDataAllocator*, void**)	0	static
../TFLM/tensorflow/lite/core/api/flatbuffer_conversions.cc:2505:14:TfLiteStatus tflite::ParseShape(const Operator*, ErrorReporter*, BuiltinDataAllocator*, void**)	24	static
../TFLM/tensorflow/lite/core/api/flatbuffer_conversions.cc:2531:14:TfLiteStatus tflite::ParseSin(const Operator*, ErrorReporter*, BuiltinDataAllocator*, void**)	0	static
../TFLM/tensorflow/lite/core/api/flatbuffer_conversions.cc:2539:14:TfLiteStatus tflite::ParseSlice(const Operator*, ErrorReporter*, BuiltinDataAllocator*, void**)	0	static
../TFLM/tensorflow/lite/core/api/flatbuffer_conversions.cc:2544:14:TfLiteStatus tflite::ParseSoftmax(const Operator*, ErrorReporter*, BuiltinDataAllocator*, void**)	16	static
../TFLM/tensorflow/lite/core/api/flatbuffer_conversions.cc:2572:14:TfLiteStatus tflite::ParseSpaceToBatchNd(const Operator*, ErrorReporter*, BuiltinDataAllocator*, void**)	0	static
../TFLM/tensorflow/lite/core/api/flatbuffer_conversions.cc:2577:14:TfLiteStatus tflite::ParseSpaceToDepth(const Operator*, ErrorReporter*, BuiltinDataAllocator*, void**)	16	static
../TFLM/tensorflow/lite/core/api/flatbuffer_conversions.cc:2602:14:TfLiteStatus tflite::ParseSplit(const Operator*, ErrorReporter*, BuiltinDataAllocator*, void**)	16	static
../TFLM/tensorflow/lite/core/api/flatbuffer_conversions.cc:2626:14:TfLiteStatus tflite::ParseSplitV(const Operator*, ErrorReporter*, BuiltinDataAllocator*, void**)	16	static
../TFLM/tensorflow/lite/core/api/flatbuffer_conversions.cc:2650:14:TfLiteStatus tflite::ParseUnidirectionalSequenceLSTM(const Operator*, ErrorReporter*, BuiltinDataAllocator*, void**)	16	static
../TFLM/tensorflow/lite/core/api/flatbuffer_conversions.cc:2675:14:TfLiteStatus tflite::ParseSqueeze(const Operator*, ErrorReporter*, BuiltinDataAllocator*, void**)	24	static
../TFLM/tensorflow/lite/core/api/flatbuffer_conversions.cc:2711:14:TfLiteStatus tflite::ParseSqrt(const Operator*, ErrorReporter*, BuiltinDataAllocator*, void**)	0	static
../TFLM/tensorflow/lite/core/api/flatbuffer_conversions.cc:2719:14:TfLiteStatus tflite::ParseSquare(const Operator*, ErrorReporter*, BuiltinDataAllocator*, void**)	0	static
../TFLM/tensorflow/lite/core/api/flatbuffer_conversions.cc:2727:14:TfLiteStatus tflite::ParseSquaredDifference(const Operator*, ErrorReporter*, BuiltinDataAllocator*, void**)	0	static
../TFLM/tensorflow/lite/core/api/flatbuffer_conversions.cc:2732:14:TfLiteStatus tflite::ParseStridedSlice(const Operator*, ErrorReporter*, BuiltinDataAllocator*, void**)	16	static
../TFLM/tensorflow/lite/core/api/flatbuffer_conversions.cc:2764:14:TfLiteStatus tflite::ParseSub(const Operator*, ErrorReporter*, BuiltinDataAllocator*, void**)	16	static
../TFLM/tensorflow/lite/core/api/flatbuffer_conversions.cc:2789:14:TfLiteStatus tflite::ParseSvdf(const Operator*, ErrorReporter*, BuiltinDataAllocator*, void**)	16	static
../TFLM/tensorflow/lite/core/api/flatbuffer_conversions.cc:2819:14:TfLiteStatus tflite::ParseTanh(const Operator*, ErrorReporter*, BuiltinDataAllocator*, void**)	0	static
../TFLM/tensorflow/lite/core/api/flatbuffer_conversions.cc:2827:14:TfLiteStatus tflite::ParseTranspose(const Operator*, ErrorReporter*, BuiltinDataAllocator*, void**)	0	static
../TFLM/tensorflow/lite/core/api/flatbuffer_conversions.cc:2832:14:TfLiteStatus tflite::ParseTransposeConv(const Operator*, ErrorReporter*, BuiltinDataAllocator*, void**)	24	static
../TFLM/tensorflow/lite/core/api/flatbuffer_conversions.cc:2864:14:TfLiteStatus tflite::ParseUnpack(const Operator*, ErrorReporter*, BuiltinDataAllocator*, void**)	16	static
../TFLM/tensorflow/lite/core/api/flatbuffer_conversions.cc:2889:14:TfLiteStatus tflite::ParseVarHandle(const Operator*, ErrorReporter*, BuiltinDataAllocator*, void**)	16	static
../TFLM/tensorflow/lite/core/api/flatbuffer_conversions.cc:2920:14:TfLiteStatus tflite::ParseWhile(const Operator*, ErrorReporter*, BuiltinDataAllocator*, void**)	16	static
../TFLM/tensorflow/lite/core/api/flatbuffer_conversions.cc:2948:14:TfLiteStatus tflite::ParseZerosLike(const Operator*, ErrorReporter*, BuiltinDataAllocator*, void**)	0	static
../TFLM/tensorflow/lite/core/api/flatbuffer_conversions.cc:2956:14:TfLiteStatus tflite::ParseBitwiseXor(const Operator*, ErrorReporter*, BuiltinDataAllocator*, void**)	0	static
../TFLM/tensorflow/lite/core/api/flatbuffer_conversions.cc:2964:14:TfLiteStatus tflite::ParseRightShift(const Operator*, ErrorReporter*, BuiltinDataAllocator*, void**)	0	static
../TFLM/tensorflow/lite/core/api/flatbuffer_conversions.cc:2969:14:TfLiteStatus tflite::ParseOpData(const Operator*, BuiltinOperator, ErrorReporter*, BuiltinDataAllocator*, void**)	40	static
