C:/joon/baremetal_team3-flower102/baremetal_team3-flower102/EX_2-2-01_TFLM_Hello_World/TFLM/tensorflow/lite/micro/memory_planner/greedy_memory_planner.h:113:8:virtual bool tflite::GreedyMemoryPlanner::preserves_all_tensors() const	0	static
../TFLM/tensorflow/lite/micro/memory_planner/greedy_memory_planner.cc:62:14:virtual TfLiteStatus tflite::GreedyMemoryPlanner::Init(unsigned char*, int)	4	static
../TFLM/tensorflow/lite/micro/memory_planner/greedy_memory_planner.cc:88:1:tflite::GreedyMemoryPlanner::~GreedyMemoryPlanner()	0	static
../TFLM/tensorflow/lite/micro/memory_planner/greedy_memory_planner.cc:405:5:virtual int tflite::GreedyMemoryPlanner::GetBufferCount()	0	static
../TFLM/tensorflow/lite/micro/memory_planner/greedy_memory_planner.cc:88:1:virtual tflite::GreedyMemoryPlanner::~GreedyMemoryPlanner()	8	static
../TFLM/tensorflow/lite/micro/memory_planner/greedy_memory_planner.cc:92:14:virtual TfLiteStatus tflite::GreedyMemoryPlanner::AddBuffer(int, int, int)	8	static
../TFLM/tensorflow/lite/micro/memory_planner/greedy_memory_planner.cc:108:14:virtual TfLiteStatus tflite::GreedyMemoryPlanner::AddBuffer(int, int, int, int)	40	static
../TFLM/tensorflow/lite/micro/memory_planner/greedy_memory_planner.cc:42:6:void tflite::ReverseSortInPlace(int*, int*, int)	12	static
../TFLM/tensorflow/lite/micro/memory_planner/greedy_memory_planner.cc:60:1:tflite::GreedyMemoryPlanner::GreedyMemoryPlanner()	0	static
../TFLM/tensorflow/lite/micro/memory_planner/greedy_memory_planner.cc:119:6:bool tflite::GreedyMemoryPlanner::DoesEntryOverlapInTime(const ListEntry*, int, int) const	4	static
../TFLM/tensorflow/lite/micro/memory_planner/greedy_memory_planner.cc:134:1:tflite::GreedyMemoryPlanner::ListEntry* tflite::GreedyMemoryPlanner::NextSimultaneouslyActiveBuffer(const ListEntry*, int, int)	12	static
../TFLM/tensorflow/lite/micro/memory_planner/greedy_memory_planner.cc:162:6:void tflite::GreedyMemoryPlanner::CalculateOffsetsIfNeeded()	56	static
../TFLM/tensorflow/lite/micro/memory_planner/greedy_memory_planner.cc:312:8:virtual size_t tflite::GreedyMemoryPlanner::GetMaximumMemorySize()	16	static
../TFLM/tensorflow/lite/micro/memory_planner/greedy_memory_planner.cc:334:6:virtual void tflite::GreedyMemoryPlanner::PrintMemoryPlan()	160	static
../TFLM/tensorflow/lite/micro/memory_planner/greedy_memory_planner.cc:407:14:virtual TfLiteStatus tflite::GreedyMemoryPlanner::GetOffsetForBuffer(int, int*)	16	static
../TFLM/tensorflow/lite/micro/memory_planner/greedy_memory_planner.cc:419:6:bool tflite::GreedyMemoryPlanner::DoAnyBuffersOverlap()	80	static
