C:/joon/baremetal_team3-flower102/baremetal_team3-flower102/EX_2-2-01_TFLM_Hello_World/TFLM/tensorflow/lite/micro/micro_interpreter_context.h:100:9:virtual void* tflite::MicroInterpreterContext::external_context()	0	static
C:/joon/baremetal_team3-flower102/baremetal_team3-flower102/EX_2-2-01_TFLM_Hello_World/TFLM/tensorflow/lite/micro/micro_interpreter_context.h:102:15:virtual tflite::MicroGraph& tflite::MicroInterpreterContext::graph()	0	static
../TFLM/tensorflow/lite/micro/micro_interpreter_context.cc:60:1:tflite::MicroInterpreterContext::~MicroInterpreterContext()	0	static
../TFLM/tensorflow/lite/micro/micro_interpreter_context.cc:81:15:virtual TfLiteTensor* tflite::MicroInterpreterContext::AllocateTempTfLiteTensor(int)	24	static
../TFLM/tensorflow/lite/micro/micro_interpreter_context.cc:88:6:virtual void tflite::MicroInterpreterContext::DeallocateTempTfLiteTensor(TfLiteTensor*)	0	static
../TFLM/tensorflow/lite/micro/micro_interpreter_context.cc:103:19:virtual TfLiteEvalTensor* tflite::MicroInterpreterContext::GetEvalTensor(int)	0	static
../TFLM/tensorflow/lite/micro/micro_interpreter_context.cc:271:14:virtual TfLiteStatus tflite::MicroInterpreterContext::SetAlternateProfiler(tflite::MicroProfilerInterface*)	0	static
../TFLM/tensorflow/lite/micro/micro_interpreter_context.cc:277:25:virtual tflite::MicroProfilerInterface* tflite::MicroInterpreterContext::GetAlternateProfiler() const	0	static
../TFLM/tensorflow/lite/micro/micro_interpreter_context.cc:60:1:virtual tflite::MicroInterpreterContext::~MicroInterpreterContext()	8	static
../TFLM/tensorflow/lite/micro/micro_interpreter_context.cc:62:7:virtual void* tflite::MicroInterpreterContext::AllocatePersistentBuffer(size_t)	8	static
../TFLM/tensorflow/lite/micro/micro_interpreter_context.cc:75:7:virtual void* tflite::MicroInterpreterContext::GetScratchBuffer(int)	8	static
../TFLM/tensorflow/lite/micro/micro_interpreter_context.cc:92:10:virtual uint8_t* tflite::MicroInterpreterContext::AllocateTempBuffer(size_t, size_t)	8	static
../TFLM/tensorflow/lite/micro/micro_interpreter_context.cc:98:6:virtual void tflite::MicroInterpreterContext::DeallocateTempBuffer(uint8_t*)	8	static
../TFLM/tensorflow/lite/micro/micro_interpreter_context.cc:68:14:virtual TfLiteStatus tflite::MicroInterpreterContext::RequestScratchBufferInArena(size_t, int*)	8	static
../TFLM/tensorflow/lite/micro/micro_interpreter_context.cc:113:14:virtual TfLiteStatus tflite::MicroInterpreterContext::set_external_context(void*)	8	static
../TFLM/tensorflow/lite/micro/micro_interpreter_context.cc:52:1:tflite::MicroInterpreterContext::MicroInterpreterContext(tflite::MicroAllocator*, const tflite::Model*, tflite::MicroInterpreterGraph*)	0	static
../TFLM/tensorflow/lite/micro/micro_interpreter_context.cc:108:6:void tflite::MicroInterpreterContext::SetScratchBufferHandles(tflite::ScratchBufferHandle*)	0	static
../TFLM/tensorflow/lite/micro/micro_interpreter_context.cc:130:6:void tflite::MicroInterpreterContext::SetInterpreterState(InterpreterState)	0	static
../TFLM/tensorflow/lite/micro/micro_interpreter_context.cc:135:1:tflite::MicroInterpreterContext::InterpreterState tflite::MicroInterpreterContext::GetInterpreterState() const	0	static
