../TFLM/tensorflow/lite/micro/kernels/batch_matmul_common.cc:30:14:TfLiteStatus tflite::ReshapeOutputTensor(TfLiteContext*, TfLiteNode*, const RuntimeShape&, const RuntimeShape&, bool, bool, int, TfLiteTensor*)	88	static
../TFLM/tensorflow/lite/micro/kernels/batch_matmul_common.cc:111:14:tflite::RuntimeShape tflite::SwapRowColumnDims(const RuntimeShape&)	16	static
C:/Baremetal_ODAI_STM32H7/EX_2-2-01_TFLM_Hello_Worldd/TFLM/tensorflow/lite/kernels/internal/reference/transpose.h:97:6:void tflite::reference_ops::transpose_internal::TransposeImpl(int, int, const int32_t*, const T*, const int*, T*, const int*, const int32_t*) [with T = long int]	64	static
C:/Baremetal_ODAI_STM32H7/EX_2-2-01_TFLM_Hello_Worldd/TFLM/tensorflow/lite/kernels/internal/reference/transpose.h:176:6:void tflite::reference_ops::Transpose(const tflite::TransposeParams&, const tflite::RuntimeShape&, const T*, const tflite::RuntimeShape&, T*) [with T = float; int N = 6]	176	static
../TFLM/tensorflow/lite/micro/kernels/batch_matmul_common.cc:72:6:void tflite::TransposeRowsColumnsImpl(const TfLiteEvalTensor&, TfLiteEvalTensor*) [with T = float]	112	static
C:/Baremetal_ODAI_STM32H7/EX_2-2-01_TFLM_Hello_Worldd/TFLM/tensorflow/lite/kernels/internal/reference/transpose.h:97:6:void tflite::reference_ops::transpose_internal::TransposeImpl(int, int, const int32_t*, const T*, const int*, T*, const int*, const int32_t*) [with T = signed char]	416	static
C:/Baremetal_ODAI_STM32H7/EX_2-2-01_TFLM_Hello_Worldd/TFLM/tensorflow/lite/kernels/internal/reference/transpose.h:176:6:void tflite::reference_ops::Transpose(const tflite::TransposeParams&, const tflite::RuntimeShape&, const T*, const tflite::RuntimeShape&, T*) [with T = signed char; int N = 6]	216	static
../TFLM/tensorflow/lite/micro/kernels/batch_matmul_common.cc:72:6:void tflite::TransposeRowsColumnsImpl(const TfLiteEvalTensor&, TfLiteEvalTensor*) [with T = signed char]	112	static
C:/Baremetal_ODAI_STM32H7/EX_2-2-01_TFLM_Hello_Worldd/TFLM/tensorflow/lite/kernels/internal/reference/transpose.h:97:6:void tflite::reference_ops::transpose_internal::TransposeImpl(int, int, const int32_t*, const T*, const int*, T*, const int*, const int32_t*) [with T = short int]	64	static
C:/Baremetal_ODAI_STM32H7/EX_2-2-01_TFLM_Hello_Worldd/TFLM/tensorflow/lite/kernels/internal/reference/transpose.h:176:6:void tflite::reference_ops::Transpose(const tflite::TransposeParams&, const tflite::RuntimeShape&, const T*, const tflite::RuntimeShape&, T*) [with T = short int; int N = 6]	192	static
../TFLM/tensorflow/lite/micro/kernels/batch_matmul_common.cc:72:6:void tflite::TransposeRowsColumnsImpl(const TfLiteEvalTensor&, TfLiteEvalTensor*) [with T = short int]	112	static
../TFLM/tensorflow/lite/micro/kernels/batch_matmul_common.cc:92:14:TfLiteStatus tflite::TransposeRowsColumns(const TfLiteEvalTensor&, TfLiteEvalTensor*)	8	static
