../TFLM/tensorflow/lite/micro/kernels/comparisons.cc:544:7:void* tflite::{anonymous}::Init(TfLiteContext*, const char*, size_t)	8	static
../TFLM/tensorflow/lite/micro/kernels/comparisons.cc:549:14:TfLiteStatus tflite::{anonymous}::ComparisonsPrepare(TfLiteContext*, TfLiteNode*)	56	static
../TFLM/tensorflow/lite/micro/kernels/comparisons.cc:595:18:TFLMRegistration tflite::Register_EQUAL()	16	static
../TFLM/tensorflow/lite/micro/kernels/comparisons.cc:599:18:TFLMRegistration tflite::Register_NOT_EQUAL()	16	static
../TFLM/tensorflow/lite/micro/kernels/comparisons.cc:603:18:TFLMRegistration tflite::Register_GREATER()	16	static
../TFLM/tensorflow/lite/micro/kernels/comparisons.cc:607:18:TFLMRegistration tflite::Register_GREATER_EQUAL()	16	static
../TFLM/tensorflow/lite/micro/kernels/comparisons.cc:611:18:TFLMRegistration tflite::Register_LESS()	16	static
../TFLM/tensorflow/lite/micro/kernels/comparisons.cc:615:18:TFLMRegistration tflite::Register_LESS_EQUAL()	16	static
C:/Baremetal_ODAI_STM32H7/EX_2-2-01_TFLM_Hello_Worldd/TFLM/tensorflow/lite/kernels/internal/reference/comparisons.h:163:13:void tflite::reference_ops::BroadcastComparison4DSlowWithScaling(const tflite::ComparisonParams&, const tflite::RuntimeShape&, const T*, const tflite::RuntimeShape&, const T*, const tflite::RuntimeShape&, bool*) [with T = signed char; bool (* F)(long int, long int) = EqualFn<long int>]	320	static
../TFLM/tensorflow/lite/micro/kernels/comparisons.cc:36:14:TfLiteStatus tflite::{anonymous}::EqualEval(TfLiteContext*, TfLiteNode*)	648	static
C:/Baremetal_ODAI_STM32H7/EX_2-2-01_TFLM_Hello_Worldd/TFLM/tensorflow/lite/kernels/internal/reference/comparisons.h:163:13:void tflite::reference_ops::BroadcastComparison4DSlowWithScaling(const tflite::ComparisonParams&, const tflite::RuntimeShape&, const T*, const tflite::RuntimeShape&, const T*, const tflite::RuntimeShape&, bool*) [with T = signed char; bool (* F)(long int, long int) = NotEqualFn<long int>]	320	static
../TFLM/tensorflow/lite/micro/kernels/comparisons.cc:128:14:TfLiteStatus tflite::{anonymous}::NotEqualEval(TfLiteContext*, TfLiteNode*)	640	static
C:/Baremetal_ODAI_STM32H7/EX_2-2-01_TFLM_Hello_Worldd/TFLM/tensorflow/lite/kernels/internal/reference/comparisons.h:163:13:void tflite::reference_ops::BroadcastComparison4DSlowWithScaling(const tflite::ComparisonParams&, const tflite::RuntimeShape&, const T*, const tflite::RuntimeShape&, const T*, const tflite::RuntimeShape&, bool*) [with T = signed char; bool (* F)(long int, long int) = GreaterFn<long int>]	320	static
C:/Baremetal_ODAI_STM32H7/EX_2-2-01_TFLM_Hello_Worldd/TFLM/tensorflow/lite/kernels/internal/reference/comparisons.h:163:13:void tflite::reference_ops::BroadcastComparison4DSlowWithScaling(const tflite::ComparisonParams&, const tflite::RuntimeShape&, const T*, const tflite::RuntimeShape&, const T*, const tflite::RuntimeShape&, bool*) [with T = short int; bool (* F)(long int, long int) = GreaterFn<long int>]	328	static
../TFLM/tensorflow/lite/micro/kernels/comparisons.cc:219:14:TfLiteStatus tflite::{anonymous}::GreaterEval(TfLiteContext*, TfLiteNode*)	536	static
C:/Baremetal_ODAI_STM32H7/EX_2-2-01_TFLM_Hello_Worldd/TFLM/tensorflow/lite/kernels/internal/reference/comparisons.h:163:13:void tflite::reference_ops::BroadcastComparison4DSlowWithScaling(const tflite::ComparisonParams&, const tflite::RuntimeShape&, const T*, const tflite::RuntimeShape&, const T*, const tflite::RuntimeShape&, bool*) [with T = signed char; bool (* F)(long int, long int) = GreaterEqualFn<long int>]	320	static
../TFLM/tensorflow/lite/micro/kernels/comparisons.cc:310:14:TfLiteStatus tflite::{anonymous}::GreaterEqualEval(TfLiteContext*, TfLiteNode*)	536	static
C:/Baremetal_ODAI_STM32H7/EX_2-2-01_TFLM_Hello_Worldd/TFLM/tensorflow/lite/kernels/internal/reference/comparisons.h:163:13:void tflite::reference_ops::BroadcastComparison4DSlowWithScaling(const tflite::ComparisonParams&, const tflite::RuntimeShape&, const T*, const tflite::RuntimeShape&, const T*, const tflite::RuntimeShape&, bool*) [with T = signed char; bool (* F)(long int, long int) = LessFn<long int>]	320	static
../TFLM/tensorflow/lite/micro/kernels/comparisons.cc:388:14:TfLiteStatus tflite::{anonymous}::LessEval(TfLiteContext*, TfLiteNode*)	536	static
C:/Baremetal_ODAI_STM32H7/EX_2-2-01_TFLM_Hello_Worldd/TFLM/tensorflow/lite/kernels/internal/reference/comparisons.h:163:13:void tflite::reference_ops::BroadcastComparison4DSlowWithScaling(const tflite::ComparisonParams&, const tflite::RuntimeShape&, const T*, const tflite::RuntimeShape&, const T*, const tflite::RuntimeShape&, bool*) [with T = signed char; bool (* F)(long int, long int) = LessEqualFn<long int>]	320	static
../TFLM/tensorflow/lite/micro/kernels/comparisons.cc:466:14:TfLiteStatus tflite::{anonymous}::LessEqualEval(TfLiteContext*, TfLiteNode*)	536	static
