../TFLM/tensorflow/lite/micro/kernels/prelu_common.cc:28:14:TfLiteStatus tflite::CalculatePreluParams(const TfLiteTensor*, const TfLiteTensor*, TfLiteTensor*, PreluParams*)	32	static
../TFLM/tensorflow/lite/micro/kernels/prelu_common.cc:83:14:TfLiteStatus tflite::PreluPrepare(TfLiteContext*, TfLiteNode*)	48	static
C:/Baremetal_ODAI_STM32H7/EX_2-2-01_TFLM_Hello_Worldd/TFLM/tensorflow/lite/kernels/internal/common.h:1083:22:void tflite::CopyDimsToDesc(const RuntimeShape&, NdArrayDesc<N>*) [with int N = 4]	8	static
../TFLM/tensorflow/lite/micro/kernels/prelu_common.cc:50:6:void tflite::BroadcastPrelu4DSlowFloat(const RuntimeShape&, const float*, const RuntimeShape&, const float*, const RuntimeShape&, float*)	304	static
