../Src/uart.c:144:6:USART2_Rx_ISR	0	static
C:\ST\STM32CubeIDE_1.18.1\STM32CubeIDE\plugins\com.st.stm32cube.ide.mcu.externaltools.gnu-tools-for-stm32.13.3.rel1.win32_1.0.0.202411081344\tools\bin/../lib/gcc/arm-none-eabi/13.3.1/../../../../arm-none-eabi/include/stdio.h:220:5:fputc	16	static
../Src/uart.c:40:6:UART_Init	208	static
../Src/uart.c:67:6:UART_Init2	16	static
../Src/uart.c:89:6:HAL_UART_MspInit	208	static
../Src/uart.c:131:6:UART_Send_Char	16	static
../Src/uart.c:135:6:UART_Send_String	8	static
../Src/uart.c:139:6:UART_Send_String_wifi	8	static
